Archive member included to satisfy reference by file (symbol)

C:/ST/STM32CubeIDE_1.17.0/STM32CubeIDE/plugins/com.st.stm32cube.ide.mcu.externaltools.gnu-tools-for-stm32.12.3.rel1.win32_1.1.0.202410251130/tools/bin/../lib/gcc/arm-none-eabi/12.3.1/../../../../arm-none-eabi/lib/thumb/v7e-m+fp/hard\libstdc++_nano.a(del_ops.o)
                              ./Core/Src/main.o (operator delete(void*, unsigned int))
C:/ST/STM32CubeIDE_1.17.0/STM32CubeIDE/plugins/com.st.stm32cube.ide.mcu.externaltools.gnu-tools-for-stm32.12.3.rel1.win32_1.1.0.202410251130/tools/bin/../lib/gcc/arm-none-eabi/12.3.1/../../../../arm-none-eabi/lib/thumb/v7e-m+fp/hard\libstdc++_nano.a(new_op.o)
                              ./Core/Src/ang.o (operator new(unsigned int))
C:/ST/STM32CubeIDE_1.17.0/STM32CubeIDE/plugins/com.st.stm32cube.ide.mcu.externaltools.gnu-tools-for-stm32.12.3.rel1.win32_1.1.0.202410251130/tools/bin/../lib/gcc/arm-none-eabi/12.3.1/../../../../arm-none-eabi/lib/thumb/v7e-m+fp/hard\libstdc++_nano.a(del_op.o)
                              C:/ST/STM32CubeIDE_1.17.0/STM32CubeIDE/plugins/com.st.stm32cube.ide.mcu.externaltools.gnu-tools-for-stm32.12.3.rel1.win32_1.1.0.202410251130/tools/bin/../lib/gcc/arm-none-eabi/12.3.1/../../../../arm-none-eabi/lib/thumb/v7e-m+fp/hard\libstdc++_nano.a(del_ops.o) (operator delete(void*))
C:/ST/STM32CubeIDE_1.17.0/STM32CubeIDE/plugins/com.st.stm32cube.ide.mcu.externaltools.gnu-tools-for-stm32.12.3.rel1.win32_1.1.0.202410251130/tools/bin/../lib/gcc/arm-none-eabi/12.3.1/../../../../arm-none-eabi/lib/thumb/v7e-m+fp/hard\libstdc++_nano.a(new_handler.o)
                              C:/ST/STM32CubeIDE_1.17.0/STM32CubeIDE/plugins/com.st.stm32cube.ide.mcu.externaltools.gnu-tools-for-stm32.12.3.rel1.win32_1.1.0.202410251130/tools/bin/../lib/gcc/arm-none-eabi/12.3.1/../../../../arm-none-eabi/lib/thumb/v7e-m+fp/hard\libstdc++_nano.a(new_op.o) (std::get_new_handler())
C:/ST/STM32CubeIDE_1.17.0/STM32CubeIDE/plugins/com.st.stm32cube.ide.mcu.externaltools.gnu-tools-for-stm32.12.3.rel1.win32_1.1.0.202410251130/tools/bin/../lib/gcc/arm-none-eabi/12.3.1/../../../../arm-none-eabi/lib/thumb/v7e-m+fp/hard\libc_nano.a(libc_a-abort.o)
                              C:/ST/STM32CubeIDE_1.17.0/STM32CubeIDE/plugins/com.st.stm32cube.ide.mcu.externaltools.gnu-tools-for-stm32.12.3.rel1.win32_1.1.0.202410251130/tools/bin/../lib/gcc/arm-none-eabi/12.3.1/../../../../arm-none-eabi/lib/thumb/v7e-m+fp/hard\libstdc++_nano.a(new_op.o) (abort)
C:/ST/STM32CubeIDE_1.17.0/STM32CubeIDE/plugins/com.st.stm32cube.ide.mcu.externaltools.gnu-tools-for-stm32.12.3.rel1.win32_1.1.0.202410251130/tools/bin/../lib/gcc/arm-none-eabi/12.3.1/../../../../arm-none-eabi/lib/thumb/v7e-m+fp/hard\libc_nano.a(libc_a-exit.o)
                              C:/ST/STM32CubeIDE_1.17.0/STM32CubeIDE/plugins/com.st.stm32cube.ide.mcu.externaltools.gnu-tools-for-stm32.12.3.rel1.win32_1.1.0.202410251130/tools/bin/../lib/gcc/arm-none-eabi/12.3.1/../../../../arm-none-eabi/lib/thumb/v7e-m+fp/hard/crt0.o (exit)
C:/ST/STM32CubeIDE_1.17.0/STM32CubeIDE/plugins/com.st.stm32cube.ide.mcu.externaltools.gnu-tools-for-stm32.12.3.rel1.win32_1.1.0.202410251130/tools/bin/../lib/gcc/arm-none-eabi/12.3.1/../../../../arm-none-eabi/lib/thumb/v7e-m+fp/hard\libc_nano.a(libc_a-malloc.o)
                              C:/ST/STM32CubeIDE_1.17.0/STM32CubeIDE/plugins/com.st.stm32cube.ide.mcu.externaltools.gnu-tools-for-stm32.12.3.rel1.win32_1.1.0.202410251130/tools/bin/../lib/gcc/arm-none-eabi/12.3.1/../../../../arm-none-eabi/lib/thumb/v7e-m+fp/hard\libstdc++_nano.a(new_op.o) (malloc)
C:/ST/STM32CubeIDE_1.17.0/STM32CubeIDE/plugins/com.st.stm32cube.ide.mcu.externaltools.gnu-tools-for-stm32.12.3.rel1.win32_1.1.0.202410251130/tools/bin/../lib/gcc/arm-none-eabi/12.3.1/../../../../arm-none-eabi/lib/thumb/v7e-m+fp/hard\libc_nano.a(libc_a-mallocr.o)
                              C:/ST/STM32CubeIDE_1.17.0/STM32CubeIDE/plugins/com.st.stm32cube.ide.mcu.externaltools.gnu-tools-for-stm32.12.3.rel1.win32_1.1.0.202410251130/tools/bin/../lib/gcc/arm-none-eabi/12.3.1/../../../../arm-none-eabi/lib/thumb/v7e-m+fp/hard\libc_nano.a(libc_a-malloc.o) (_malloc_r)
C:/ST/STM32CubeIDE_1.17.0/STM32CubeIDE/plugins/com.st.stm32cube.ide.mcu.externaltools.gnu-tools-for-stm32.12.3.rel1.win32_1.1.0.202410251130/tools/bin/../lib/gcc/arm-none-eabi/12.3.1/../../../../arm-none-eabi/lib/thumb/v7e-m+fp/hard\libc_nano.a(libc_a-mlock.o)
                              C:/ST/STM32CubeIDE_1.17.0/STM32CubeIDE/plugins/com.st.stm32cube.ide.mcu.externaltools.gnu-tools-for-stm32.12.3.rel1.win32_1.1.0.202410251130/tools/bin/../lib/gcc/arm-none-eabi/12.3.1/../../../../arm-none-eabi/lib/thumb/v7e-m+fp/hard\libc_nano.a(libc_a-mallocr.o) (__malloc_lock)
C:/ST/STM32CubeIDE_1.17.0/STM32CubeIDE/plugins/com.st.stm32cube.ide.mcu.externaltools.gnu-tools-for-stm32.12.3.rel1.win32_1.1.0.202410251130/tools/bin/../lib/gcc/arm-none-eabi/12.3.1/../../../../arm-none-eabi/lib/thumb/v7e-m+fp/hard\libc_nano.a(libc_a-findfp.o)
[...]
Memory Configuration

Name             Origin             Length             Attributes
RAM              0x20000000         0x00020000         xrw
FLASH            0x08000000         0x00080000         xr
*default*        0x00000000         0xffffffff

Linker script and memory map

LOAD C:/ST/STM32CubeIDE_1.17.0/STM32CubeIDE/plugins/com.st.stm32cube.ide.mcu.externaltools.gnu-tools-for-stm32.12.3.rel1.win32_1.1.0.202410251130/tools/bin/../lib/gcc/arm-none-eabi/12.3.1/thumb/v7e-m+fp/hard/crti.o
LOAD C:/ST/STM32CubeIDE_1.17.0/STM32CubeIDE/plugins/com.st.stm32cube.ide.mcu.externaltools.gnu-tools-for-stm32.12.3.rel1.win32_1.1.0.202410251130/tools/bin/../lib/gcc/arm-none-eabi/12.3.1/thumb/v7e-m+fp/hard/crtbegin.o
LOAD C:/ST/STM32CubeIDE_1.17.0/STM32CubeIDE/plugins/com.st.stm32cube.ide.mcu.externaltools.gnu-tools-for-stm32.12.3.rel1.win32_1.1.0.202410251130/tools/bin/../lib/gcc/arm-none-eabi/12.3.1/../../../../arm-none-eabi/lib/thumb/v7e-m+fp/hard/crt0.o
LOAD ./Core/Src/ang.o
LOAD ./Core/Src/can_communication.o
LOAD ./Core/Src/main.o
LOAD ./Core/Src/mode_contrl.o
LOAD ./Core/Src/out_pwm.o
LOAD ./Core/Src/stm32g4xx_hal_msp.o
LOAD ./Core/Src/stm32g4xx_it.o
LOAD ./Core/Src/syscalls.o
LOAD ./Core/Src/sysmem.o
LOAD ./Core/Src/system_stm32g4xx.o
LOAD ./Core/Src/user_task.o
LOAD ./Core/Startup/startup_stm32g474retx.o
LOAD ./Drivers/STM32G4xx_HAL_Driver/Src/stm32g4xx_hal.o
LOAD ./Drivers/STM32G4xx_HAL_Driver/Src/stm32g4xx_hal_adc.o
LOAD ./Drivers/STM32G4xx_HAL_Driver/Src/stm32g4xx_hal_adc_ex.o
LOAD ./Drivers/STM32G4xx_HAL_Driver/Src/stm32g4xx_hal_cordic.o
LOAD ./Drivers/STM32G4xx_HAL_Driver/Src/stm32g4xx_hal_cortex.o
LOAD ./Drivers/STM32G4xx_HAL_Driver/Src/stm32g4xx_hal_dma.o
LOAD ./Drivers/STM32G4xx_HAL_Driver/Src/stm32g4xx_hal_dma_ex.o
LOAD ./Drivers/STM32G4xx_HAL_Driver/Src/stm32g4xx_hal_exti.o
LOAD ./Drivers/STM32G4xx_HAL_Driver/Src/stm32g4xx_hal_fdcan.o
LOAD ./Drivers/STM32G4xx_HAL_Driver/Src/stm32g4xx_hal_flash.o
LOAD ./Drivers/STM32G4xx_HAL_Driver/Src/stm32g4xx_hal_flash_ex.o
LOAD ./Drivers/STM32G4xx_HAL_Driver/Src/stm32g4xx_hal_flash_ramfunc.o
LOAD ./Drivers/STM32G4xx_HAL_Driver/Src/stm32g4xx_hal_gpio.o
LOAD ./Drivers/STM32G4xx_HAL_Driver/Src/stm32g4xx_hal_i2c.o
LOAD ./Drivers/STM32G4xx_HAL_Driver/Src/stm32g4xx_hal_i2c_ex.o
LOAD ./Drivers/STM32G4xx_HAL_Driver/Src/stm32g4xx_hal_pwr.o
LOAD ./Drivers/STM32G4xx_HAL_Driver/Src/stm32g4xx_hal_pwr_ex.o
LOAD ./Drivers/STM32G4xx_HAL_Driver/Src/stm32g4xx_hal_rcc.o
LOAD ./Drivers/STM32G4xx_HAL_Driver/Src/stm32g4xx_hal_rcc_ex.o
LOAD ./Drivers/STM32G4xx_HAL_Driver/Src/stm32g4xx_hal_tim.o
LOAD ./Drivers/STM32G4xx_HAL_Driver/Src/stm32g4xx_hal_tim_ex.o
LOAD ./Drivers/STM32G4xx_HAL_Driver/Src/stm32g4xx_ll_adc.o
START GROUP
LOAD C:/ST/STM32CubeIDE_1.17.0/STM32CubeIDE/plugins/com.st.stm32cube.ide.mcu.externaltools.gnu-tools-for-stm32.12.3.rel1.win32_1.1.0.202410251130/tools/bin/../lib/gcc/arm-none-eabi/12.3.1/../../../../arm-none-eabi/lib/thumb/v7e-m+fp/hard\libstdc++_nano.a
LOAD C:/ST/STM32CubeIDE_1.17.0/STM32CubeIDE/plugins/com.st.stm32cube.ide.mcu.externaltools.gnu-tools-for-stm32.12.3.rel1.win32_1.1.0.202410251130/tools/bin/../lib/gcc/arm-none-eabi/12.3.1/../../../../arm-none-eabi/lib/thumb/v7e-m+fp/hard\libsupc++_nano.a
END GROUP
LOAD C:/ST/STM32CubeIDE_1.17.0/STM32CubeIDE/plugins/com.st.stm32cube.ide.mcu.externaltools.gnu-tools-for-stm32.12.3.rel1.win32_1.1.0.202410251130/tools/bin/../lib/gcc/arm-none-eabi/12.3.1/../../../../arm-none-eabi/lib/thumb/v7e-m+fp/hard\libstdc++_nano.a
LOAD C:/ST/STM32CubeIDE_1.17.0/STM32CubeIDE/plugins/com.st.stm32cube.ide.mcu.externaltools.gnu-tools-for-stm32.12.3.rel1.win32_1.1.0.202410251130/tools/bin/../lib/gcc/arm-none-eabi/12.3.1/../../../../arm-none-eabi/lib/thumb/v7e-m+fp/hard\libm.a
LOAD C:/ST/STM32CubeIDE_1.17.0/STM32CubeIDE/plugins/com.st.stm32cube.ide.mcu.externaltools.gnu-tools-for-stm32.12.3.rel1.win32_1.1.0.202410251130/tools/bin/../lib/gcc/arm-none-eabi/12.3.1/../../../../arm-none-eabi/lib/thumb/v7e-m+fp/hard\libc_nano.a
START GROUP
LOAD C:/ST/STM32CubeIDE_1.17.0/STM32CubeIDE/plugins/com.st.stm32cube.ide.mcu.externaltools.gnu-tools-for-stm32.12.3.rel1.win32_1.1.0.202410251130/tools/bin/../lib/gcc/arm-none-eabi/12.3.1/thumb/v7e-m+fp/hard\libgcc.a
LOAD C:/ST/STM32CubeIDE_1.17.0/STM32CubeIDE/plugins/com.st.stm32cube.ide.mcu.externaltools.gnu-tools-for-stm32.12.3.rel1.win32_1.1.0.202410251130/tools/bin/../lib/gcc/arm-none-eabi/12.3.1/../../../../arm-none-eabi/lib/thumb/v7e-m+fp/hard\libc_nano.a
END GROUP
START GROUP
LOAD C:/ST/STM32CubeIDE_1.17.0/STM32CubeIDE/plugins/com.st.stm32cube.ide.mcu.externaltools.gnu-tools-for-stm32.12.3.rel1.win32_1.1.0.202410251130/tools/bin/../lib/gcc/arm-none-eabi/12.3.1/thumb/v7e-m+fp/hard\libgcc.a
LOAD C:/ST/STM32CubeIDE_1.17.0/STM32CubeIDE/plugins/com.st.stm32cube.ide.mcu.externaltools.gnu-tools-for-stm32.12.3.rel1.win32_1.1.0.202410251130/tools/bin/../lib/gcc/arm-none-eabi/12.3.1/../../../../arm-none-eabi/lib/thumb/v7e-m+fp/hard\libc_nano.a
LOAD C:/ST/STM32CubeIDE_1.17.0/STM32CubeIDE/plugins/com.st.stm32cube.ide.mcu.externaltools.gnu-tools-for-stm32.12.3.rel1.win32_1.1.0.202410251130/tools/bin/../lib/gcc/arm-none-eabi/12.3.1/../../../../arm-none-eabi/lib/thumb/v7e-m+fp/hard\libnosys.a
END GROUP
START GROUP
LOAD C:/ST/STM32CubeIDE_1.17.0/STM32CubeIDE/plugins/com.st.stm32cube.ide.mcu.externaltools.gnu-tools-for-stm32.12.3.rel1.win32_1.1.0.202410251130/tools/bin/../lib/gcc/arm-none-eabi/12.3.1/thumb/v7e-m+fp/hard\libgcc.a
LOAD C:/ST/STM32CubeIDE_1.17.0/STM32CubeIDE/plugins/com.st.stm32cube.ide.mcu.externaltools.gnu-tools-for-stm32.12.3.rel1.win32_1.1.0.202410251130/tools/bin/../lib/gcc/arm-none-eabi/12.3.1/../../../../arm-none-eabi/lib/thumb/v7e-m+fp/hard\libc_nano.a
LOAD C:/ST/STM32CubeIDE_1.17.0/STM32CubeIDE/plugins/com.st.stm32cube.ide.mcu.externaltools.gnu-tools-for-stm32.12.3.rel1.win32_1.1.0.202410251130/tools/bin/../lib/gcc/arm-none-eabi/12.3.1/../../../../arm-none-eabi/lib/thumb/v7e-m+fp/hard\libnosys.a
END GROUP
LOAD C:/ST/STM32CubeIDE_1.17.0/STM32CubeIDE/plugins/com.st.stm32cube.ide.mcu.externaltools.gnu-tools-for-stm32.12.3.rel1.win32_1.1.0.202410251130/tools/bin/../lib/gcc/arm-none-eabi/12.3.1/thumb/v7e-m+fp/hard/crtend.o
LOAD C:/ST/STM32CubeIDE_1.17.0/STM32CubeIDE/plugins/com.st.stm32cube.ide.mcu.externaltools.gnu-tools-for-stm32.12.3.rel1.win32_1.1.0.202410251130/tools/bin/../lib/gcc/arm-none-eabi/12.3.1/thumb/v7e-m+fp/hard/crtn.o
                0x20020000                        _estack = (ORIGIN (RAM) + LENGTH (RAM))
                0x00000200                        _Min_Heap_Size = 0x200
                0x00000400                        _Min_Stack_Size = 0x400

.isr_vector     0x08000000      0x1d8
                0x08000000                        . = ALIGN (0x4)
 *(.isr_vector)
 .isr_vector    0x08000000      0x1d8 ./Core/Startup/startup_stm32g474retx.o
                0x08000000                g_pfnVectors
                0x080001d8                        . = ALIGN (0x4)

.text           0x080001d8     0xba5c
                0x080001d8                        . = ALIGN (0x4)
 *(.text)
 .text          0x080001d8       0x40 C:/ST/STM32CubeIDE_1.17.0/STM32CubeIDE/plugins/com.st.stm32cube.ide.mcu.externaltools.gnu-tools-for-stm32.12.3.rel1.win32_1.1.0.202410251130/tools/bin/../lib/gcc/arm-none-eabi/12.3.1/thumb/v7e-m+fp/hard/crtbegin.o
 .text          0x08000218      0x378 C:/ST/STM32CubeIDE_1.17.0/STM32CubeIDE/plugins/com.st.stm32cube.ide.mcu.externaltools.gnu-tools-for-stm32.12.3.rel1.win32_1.1.0.202410251130/tools/bin/../lib/gcc/arm-none-eabi/12.3.1/thumb/v7e-m+fp/hard\libgcc.a(_arm_addsubdf3.o)
                0x08000218                __aeabi_drsub
                0x08000220                __aeabi_dsub
                0x08000220                __subdf3
                0x08000224                __aeabi_dadd
                0x08000224                __adddf3
                0x0800049c                __floatunsidf
                0x0800049c                __aeabi_ui2d
                0x080004bc                __floatsidf
                0x080004bc                __aeabi_i2d
                0x080004e0                __aeabi_f2d
                0x080004e0                __extendsfdf2
                0x08000524                __floatundidf
                0x08000524                __aeabi_ul2d
                0x08000534                __floatdidf
                0x08000534                __aeabi_l2d
 .text          0x08000590      0x424 C:/ST/STM32CubeIDE_1.17.0/STM32CubeIDE/plugins/com.st.stm32cube.ide.mcu.externaltools.gnu-tools-for-stm32.12.3.rel1.win32_1.1.0.202410251130/tools/bin/../lib/gcc/arm-none-eabi/12.3.1/thumb/v7e-m+fp/hard\libgcc.a(_arm_muldivdf3.o)
                0x08000590                __aeabi_dmul
                0x08000590                __muldf3
                0x080007e4                __divdf3
                0x080007e4                __aeabi_ddiv
 .text          0x080009b4       0xa0 C:/ST/STM32CubeIDE_1.17.0/STM32CubeIDE/plugins/com.st.stm32cube.ide.mcu.externaltools.gnu-tools-for-stm32.12.3.rel1.win32_1.1.0.202410251130/tools/bin/../lib/gcc/arm-none-eabi/12.3.1/thumb/v7e-m+fp/hard\libgcc.a(_arm_truncdfsf2.o)
                0x080009b4                __truncdfsf2
                0x080009b4                __aeabi_d2f
 *(.text*)
 .text._ZN8UserTask7getDataEv
                0x08000a54       0x1a ./Core/Src/ang.o
                0x08000a54                UserTask::getData()
 *fill*         0x08000a6e        0x2 
 .text._ZN3Ang7raw2radEt
                0x08000a70       0x40 ./Core/Src/ang.o
                0x08000a70                Ang::raw2rad(unsigned short)
 .text._ZN3Ang8raw2radsEs
                0x08000ab0       0x90 ./Core/Src/ang.o
                0x08000ab0                Ang::raw2rads(short)
 .text._ZN3AngC2ER19__I2C_HandleTypeDef
                0x08000b40       0x78 ./Core/Src/ang.o
                0x08000b40                Ang::Ang(__I2C_HandleTypeDef&)
                0x08000b40                Ang::Ang(__I2C_HandleTypeDef&)
 .text._ZN3Ang4readEv
                0x08000bb8       0x38 ./Core/Src/ang.o
                0x08000bb8                Ang::read()
 .text._ZN3Ang7receiveEv
                0x08000bf0       0x40 ./Core/Src/ang.o
                0x08000bf0                Ang::receive()
 .text._ZN3Ang8getAngleEv
                0x08000c30       0xa6 ./Core/Src/ang.o
                0x08000c30                Ang::getAngle()
 .text._ZN3Ang6getVelEv
                0x08000cd6       0xa4 ./Core/Src/ang.o
                0x08000cd6                Ang::getVel()
 *fill*         0x08000d7a        0x6 
 .text._ZN3Ang15mechAngleVelLPFEv
                0x08000d80       0xcc ./Core/Src/ang.o
                0x08000d80                Ang::mechAngleVelLPF()
 .text._ZN3Ang7elecAngEv
                0x08000e4c       0xe0 ./Core/Src/ang.o
                0x08000e4c                Ang::elecAng()
 *fill*         0x08000f2c        0x4 
 .text._ZN3Ang14elecAngVirtualEf
                0x08000f30       0xb8 ./Core/Src/ang.o
                0x08000f30                Ang::elecAngVirtual(float)
 .text._ZN3Ang11elecAngleInEv
                0x08000fe8       0x70 ./Core/Src/ang.o
                0x08000fe8                Ang::elecAngleIn()
 .text._ZNK3Ang14prepareCanDataEPhj
                0x08001058       0x26 ./Core/Src/ang.o
                0x08001058                Ang::prepareCanData(unsigned char*, unsigned int) const
 .text._ZN3Ang19i2cMasterTxCallbackEv
                0x0800107e       0x1c ./Core/Src/ang.o
                0x0800107e                Ang::i2cMasterTxCallback()
 .text._ZN3Ang19i2cMasterRxCallbackEv
                0x0800109a       0x1c ./Core/Src/ang.o
                0x0800109a                Ang::i2cMasterRxCallback()
 *fill*         0x080010b6        0x2 
 .text.HAL_I2C_MasterTxCpltCallback
                0x080010b8       0x1c ./Core/Src/ang.o
                0x080010b8                HAL_I2C_MasterTxCpltCallback
 .text.HAL_I2C_MasterRxCpltCallback
                0x080010d4       0x1c ./Core/Src/ang.o
                0x080010d4                HAL_I2C_MasterRxCpltCallback
 .text._ZNKSt10unique_ptrIN8UserTask12userTaskDataESt14default_deleteIS1_EE3getEv
                0x080010f0       0x1a ./Core/Src/ang.o
                0x080010f0                std::unique_ptr<UserTask::userTaskData, std::default_delete<UserTask::userTaskData> >::get() const
 .text._ZNKSt10unique_ptrIN3Ang7angDataESt14default_deleteIS1_EE3getEv
                0x0800110a       0x1a ./Core/Src/ang.o
                0x0800110a                std::unique_ptr<Ang::angData, std::default_delete<Ang::angData> >::get() const
 .text._ZN3Ang7angDataC2Ev
                0x08001124       0x4c ./Core/Src/ang.o
                0x08001124                Ang::angData::angData()
                0x08001124                Ang::angData::angData()
 .text._ZSt11make_uniqueIN3Ang7angDataEJEENSt8__detail9_MakeUniqIT_E15__single_objectEDpOT0_
                0x08001170       0x3a ./Core/Src/ang.o
                0x08001170                std::__detail::_MakeUniq<Ang::angData>::__single_object std::make_unique<Ang::angData>()
 .text._ZNKSt10unique_ptrIN3Ang7angDataESt14default_deleteIS1_EEptEv
                0x080011aa       0x18 ./Core/Src/ang.o
                0x080011aa                std::unique_ptr<Ang::angData, std::default_delete<Ang::angData> >::operator->() const
 .text._ZNKSt15__uniq_ptr_implIN8UserTask12userTaskDataESt14default_deleteIS1_EE6_M_ptrEv
                0x080011c2       0x1c ./Core/Src/ang.o
                0x080011c2                std::__uniq_ptr_impl<UserTask::userTaskData, std::default_delete<UserTask::userTaskData> >::_M_ptr() const
 .text._ZNKSt15__uniq_ptr_implIN3Ang7angDataESt14default_deleteIS1_EE6_M_ptrEv
                0x080011de       0x1c ./Core/Src/ang.o
                0x080011de                std::__uniq_ptr_impl<Ang::angData, std::default_delete<Ang::angData> >::_M_ptr() const
 .text._ZNSt15__uniq_ptr_dataIN3Ang7angDataESt14default_deleteIS1_ELb1ELb1EECI2St15__uniq_ptr_implIS1_S3_EEPS1_
                0x080011fa       0x20 ./Core/Src/ang.o
                0x080011fa                std::__uniq_ptr_data<Ang::angData, std::default_delete<Ang::angData>, true, true>::__uniq_ptr_impl(Ang::angData*)
                0x080011fa                std::__uniq_ptr_data<Ang::angData, std::default_delete<Ang::angData>, true, true>::__uniq_ptr_impl(Ang::angData*)
 .text._ZNSt10unique_ptrIN3Ang7angDataESt14default_deleteIS1_EEC2IS3_vEEPS1_
                0x0800121a       0x1e ./Core/Src/ang.o
                0x0800121a                std::unique_ptr<Ang::angData, std::default_delete<Ang::angData> >::unique_ptr<std::default_delete<Ang::angData>, void>(Ang::angData*)
                0x0800121a                std::unique_ptr<Ang::angData, std::default_delete<Ang::angData> >::unique_ptr<std::default_delete<Ang::angData>, void>(Ang::angData*)
 .text._ZNSt15__uniq_ptr_implIN3Ang7angDataESt14default_deleteIS1_EE6_M_ptrEv
                0x08001238       0x1a ./Core/Src/ang.o
                0x08001238                std::__uniq_ptr_impl<Ang::angData, std::default_delete<Ang::angData> >::_M_ptr()
 .text._ZSt3getILj0EJPN8UserTask12userTaskDataESt14default_deleteIS1_EEERKNSt13tuple_elementIXT_ESt5tupleIJDpT0_EEE4typeERKS9_
                0x08001252       0x1a ./Core/Src/ang.o
                0x08001252                std::tuple_element<0u, std::tuple<UserTask::userTaskData*, std::default_delete<UserTask::userTaskData> > >::type const& std::get<0u, UserTask::userTaskData*, std::default_delete<UserTask::userTaskData> >(std::tuple<UserTask::userTaskData*, std::default_delete<UserTask::userTaskData> > const&)
 .text._ZSt3getILj0EJPN3Ang7angDataESt14default_deleteIS1_EEERKNSt13tuple_elementIXT_ESt5tupleIJDpT0_EEE4typeERKS9_
                0x0800126c       0x1a ./Core/Src/ang.o
                0x0800126c                std::tuple_element<0u, std::tuple<Ang::angData*, std::default_delete<Ang::angData> > >::type const& std::get<0u, Ang::angData*, std::default_delete<Ang::angData> >(std::tuple<Ang::angData*, std::default_delete<Ang::angData> > const&)
 .text._ZNSt15__uniq_ptr_implIN3Ang7angDataESt14default_deleteIS1_EEC2EPS1_
                0x08001286       0x28 ./Core/Src/ang.o
                0x08001286                std::__uniq_ptr_impl<Ang::angData, std::default_delete<Ang::angData> >::__uniq_ptr_impl(Ang::angData*)
                0x08001286                std::__uniq_ptr_impl<Ang::angData, std::default_delete<Ang::angData> >::__uniq_ptr_impl(Ang::angData*)
 .text._ZSt3getILj0EJPN3Ang7angDataESt14default_deleteIS1_EEERNSt13tuple_elementIXT_ESt5tupleIJDpT0_EEE4typeERS9_
                0x080012ae       0x1a ./Core/Src/ang.o
                0x080012ae                std::tuple_element<0u, std::tuple<Ang::angData*, std::default_delete<Ang::angData> > >::type& std::get<0u, Ang::angData*, std::default_delete<Ang::angData> >(std::tuple<Ang::angData*, std::default_delete<Ang::angData> >&)
 .text._ZSt12__get_helperILj0EPN8UserTask12userTaskDataEJSt14default_deleteIS1_EEERKT0_RKSt11_Tuple_implIXT_EJS5_DpT1_EE
                0x080012c8       0x18 ./Core/Src/ang.o
                0x080012c8                UserTask::userTaskData* const& std::__get_helper<0u, UserTask::userTaskData*, std::default_delete<UserTask::userTaskData> >(std::_Tuple_impl<0u, UserTask::userTaskData*, std::default_delete<UserTask::userTaskData> > const&)
 .text._ZSt12__get_helperILj0EPN3Ang7angDataEJSt14default_deleteIS1_EEERKT0_RKSt11_Tuple_implIXT_EJS5_DpT1_EE
                0x080012e0       0x18 ./Core/Src/ang.o
                0x080012e0                Ang::angData* const& std::__get_helper<0u, Ang::angData*, std::default_delete<Ang::angData> >(std::_Tuple_impl<0u, Ang::angData*, std::default_delete<Ang::angData> > const&)
 .text._ZNSt5tupleIJPN3Ang7angDataESt14default_deleteIS1_EEEC2ILb1ELb1EEEv
                0x080012f8       0x1a ./Core/Src/ang.o
                0x080012f8                std::tuple<Ang::angData*, std::default_delete<Ang::angData> >::tuple<true, true>()
                0x080012f8                std::tuple<Ang::angData*, std::default_delete<Ang::angData> >::tuple<true, true>()
 .text._ZSt12__get_helperILj0EPN3Ang7angDataEJSt14default_deleteIS1_EEERT0_RSt11_Tuple_implIXT_EJS5_DpT1_EE
                0x08001312       0x18 ./Core/Src/ang.o
                0x08001312                Ang::angData*& std::__get_helper<0u, Ang::angData*, std::default_delete<Ang::angData> >(std::_Tuple_impl<0u, Ang::angData*, std::default_delete<Ang::angData> >&)
 .text._ZNSt11_Tuple_implILj0EJPN8UserTask12userTaskDataESt14default_deleteIS1_EEE7_M_headERKS5_
                0x0800132a       0x1a ./Core/Src/ang.o
                0x0800132a                std::_Tuple_impl<0u, UserTask::userTaskData*, std::default_delete<UserTask::userTaskData> >::_M_head(std::_Tuple_impl<0u, UserTask::userTaskData*, std::default_delete<UserTask::userTaskData> > const&)
 .text._ZNSt11_Tuple_implILj0EJPN3Ang7angDataESt14default_deleteIS1_EEE7_M_headERKS5_
                0x08001344       0x1a ./Core/Src/ang.o
                0x08001344                std::_Tuple_impl<0u, Ang::angData*, std::default_delete<Ang::angData> >::_M_head(std::_Tuple_impl<0u, Ang::angData*, std::default_delete<Ang::angData> > const&)
 .text._ZNSt11_Tuple_implILj0EJPN3Ang7angDataESt14default_deleteIS1_EEEC2Ev
                0x0800135e       0x20 ./Core/Src/ang.o
                0x0800135e                std::_Tuple_impl<0u, Ang::angData*, std::default_delete<Ang::angData> >::_Tuple_impl()
                0x0800135e                std::_Tuple_impl<0u, Ang::angData*, std::default_delete<Ang::angData> >::_Tuple_impl()
 .text._ZNSt11_Tuple_implILj0EJPN3Ang7angDataESt14default_deleteIS1_EEE7_M_headERS5_
                0x0800137e       0x1a ./Core/Src/ang.o
                0x0800137e                std::_Tuple_impl<0u, Ang::angData*, std::default_delete<Ang::angData> >::_M_head(std::_Tuple_impl<0u, Ang::angData*, std::default_delete<Ang::angData> >&)
 .text._ZNSt10_Head_baseILj0EPN8UserTask12userTaskDataELb0EE7_M_headERKS3_
                0x08001398       0x16 ./Core/Src/ang.o
                0x08001398                std::_Head_base<0u, UserTask::userTaskData*, false>::_M_head(std::_Head_base<0u, UserTask::userTaskData*, false> const&)
 .text._ZNSt10_Head_baseILj0EPN3Ang7angDataELb0EE7_M_headERKS3_
                0x080013ae       0x16 ./Core/Src/ang.o
                0x080013ae                std::_Head_base<0u, Ang::angData*, false>::_M_head(std::_Head_base<0u, Ang::angData*, false> const&)
 .text._ZNSt11_Tuple_implILj1EJSt14default_deleteIN3Ang7angDataEEEEC2Ev
                0x080013c4       0x18 ./Core/Src/ang.o
                0x080013c4                std::_Tuple_impl<1u, std::default_delete<Ang::angData> >::_Tuple_impl()
                0x080013c4                std::_Tuple_impl<1u, std::default_delete<Ang::angData> >::_Tuple_impl()
 .text._ZNSt10_Head_baseILj0EPN3Ang7angDataELb0EEC2Ev
                0x080013dc       0x1c ./Core/Src/ang.o
                0x080013dc                std::_Head_base<0u, Ang::angData*, false>::_Head_base()
                0x080013dc                std::_Head_base<0u, Ang::angData*, false>::_Head_base()
 .text._ZNSt10_Head_baseILj0EPN3Ang7angDataELb0EE7_M_headERS3_
                0x080013f8       0x16 ./Core/Src/ang.o
                0x080013f8                std::_Head_base<0u, Ang::angData*, false>::_M_head(std::_Head_base<0u, Ang::angData*, false>&)
 .text._ZNSt10_Head_baseILj1ESt14default_deleteIN3Ang7angDataEELb1EEC2Ev
                0x0800140e       0x16 ./Core/Src/ang.o
                0x0800140e                std::_Head_base<1u, std::default_delete<Ang::angData>, true>::_Head_base()
                0x0800140e                std::_Head_base<1u, std::default_delete<Ang::angData>, true>::_Head_base()
 .text._ZN6CanComC2ER19FDCAN_HandleTypeDef
                0x08001424       0x3a ./Core/Src/can_communication.o
                0x08001424                CanCom::CanCom(FDCAN_HandleTypeDef&)
                0x08001424                CanCom::CanCom(FDCAN_HandleTypeDef&)
 .text._ZN6CanCom12initTxHeaderEmbb
                0x0800145e       0x7c ./Core/Src/can_communication.o
                0x0800145e                CanCom::initTxHeader(unsigned long, bool, bool)
 .text._ZN6CanCom8sendDataEPKhj
                0x080014da       0x74 ./Core/Src/can_communication.o
                0x080014da                CanCom::sendData(unsigned char const*, unsigned int)
 .text._ZN6CanCom15rxFifo0CallbackEm
                0x0800154e       0x6e ./Core/Src/can_communication.o
                0x0800154e                CanCom::rxFifo0Callback(unsigned long)
 .text._ZN6CanCom12handleRxDataEv
                0x080015bc       0x90 ./Core/Src/can_communication.o
                0x080015bc                CanCom::handleRxData()
 .text._ZN6CanCom6rxTaskEv
                0x0800164c       0x3a ./Core/Src/can_communication.o
                0x0800164c                CanCom::rxTask()
 *fill*         0x08001686        0x2 
 .text._ZN6CanCom6txTaskEv
                0x08001688       0x54 ./Core/Src/can_communication.o
                0x08001688                CanCom::txTask()
 .text.HAL_FDCAN_RxFifo0Callback
                0x080016dc       0x20 ./Core/Src/can_communication.o
                0x080016dc                HAL_FDCAN_RxFifo0Callback
 .text._ZNKSt10unique_ptrIN6CanCom7canDataESt14default_deleteIS1_EE3getEv
                0x080016fc       0x1a ./Core/Src/can_communication.o
                0x080016fc                std::unique_ptr<CanCom::canData, std::default_delete<CanCom::canData> >::get() const
 .text._ZN6CanCom7canDataC2Ev
                0x08001716       0x48 ./Core/Src/can_communication.o
                0x08001716                CanCom::canData::canData()
                0x08001716                CanCom::canData::canData()
 .text._ZSt11make_uniqueIN6CanCom7canDataEJEENSt8__detail9_MakeUniqIT_E15__single_objectEDpOT0_
                0x0800175e       0x38 ./Core/Src/can_communication.o
                0x0800175e                std::__detail::_MakeUniq<CanCom::canData>::__single_object std::make_unique<CanCom::canData>()
 .text._ZNKSt10unique_ptrIN6CanCom7canDataESt14default_deleteIS1_EEptEv
                0x08001796       0x18 ./Core/Src/can_communication.o
                0x08001796                std::unique_ptr<CanCom::canData, std::default_delete<CanCom::canData> >::operator->() const
 .text._ZNKSt15__uniq_ptr_implIN6CanCom7canDataESt14default_deleteIS1_EE6_M_ptrEv
                0x080017ae       0x1c ./Core/Src/can_communication.o
                0x080017ae                std::__uniq_ptr_impl<CanCom::canData, std::default_delete<CanCom::canData> >::_M_ptr() const
 .text._ZNSt15__uniq_ptr_dataIN6CanCom7canDataESt14default_deleteIS1_ELb1ELb1EECI2St15__uniq_ptr_implIS1_S3_EEPS1_
                0x080017ca       0x20 ./Core/Src/can_communication.o
                0x080017ca                std::__uniq_ptr_data<CanCom::canData, std::default_delete<CanCom::canData>, true, true>::__uniq_ptr_impl(CanCom::canData*)
                0x080017ca                std::__uniq_ptr_data<CanCom::canData, std::default_delete<CanCom::canData>, true, true>::__uniq_ptr_impl(CanCom::canData*)
 .text._ZNSt10unique_ptrIN6CanCom7canDataESt14default_deleteIS1_EEC2IS3_vEEPS1_
                0x080017ea       0x1e ./Core/Src/can_communication.o
                0x080017ea                std::unique_ptr<CanCom::canData, std::default_delete<CanCom::canData> >::unique_ptr<std::default_delete<CanCom::canData>, void>(CanCom::canData*)
                0x080017ea                std::unique_ptr<CanCom::canData, std::default_delete<CanCom::canData> >::unique_ptr<std::default_delete<CanCom::canData>, void>(CanCom::canData*)
 .text._ZNSt15__uniq_ptr_implIN6CanCom7canDataESt14default_deleteIS1_EE6_M_ptrEv
                0x08001808       0x1a ./Core/Src/can_communication.o
                0x08001808                std::__uniq_ptr_impl<CanCom::canData, std::default_delete<CanCom::canData> >::_M_ptr()
 .text._ZSt3getILj0EJPN6CanCom7canDataESt14default_deleteIS1_EEERKNSt13tuple_elementIXT_ESt5tupleIJDpT0_EEE4typeERKS9_
                0x08001822       0x1a ./Core/Src/can_communication.o
                0x08001822                std::tuple_element<0u, std::tuple<CanCom::canData*, std::default_delete<CanCom::canData> > >::type const& std::get<0u, CanCom::canData*, std::default_delete<CanCom::canData> >(std::tuple<CanCom::canData*, std::default_delete<CanCom::canData> > const&)
 .text._ZNSt15__uniq_ptr_implIN6CanCom7canDataESt14default_deleteIS1_EEC2EPS1_
                0x0800183c       0x28 ./Core/Src/can_communication.o
                0x0800183c                std::__uniq_ptr_impl<CanCom::canData, std::default_delete<CanCom::canData> >::__uniq_ptr_impl(CanCom::canData*)
                0x0800183c                std::__uniq_ptr_impl<CanCom::canData, std::default_delete<CanCom::canData> >::__uniq_ptr_impl(CanCom::canData*)
 .text._ZSt3getILj0EJPN6CanCom7canDataESt14default_deleteIS1_EEERNSt13tuple_elementIXT_ESt5tupleIJDpT0_EEE4typeERS9_
                0x08001864       0x1a ./Core/Src/can_communication.o
                0x08001864                std::tuple_element<0u, std::tuple<CanCom::canData*, std::default_delete<CanCom::canData> > >::type& std::get<0u, CanCom::canData*, std::default_delete<CanCom::canData> >(std::tuple<CanCom::canData*, std::default_delete<CanCom::canData> >&)
 .text._ZSt12__get_helperILj0EPN6CanCom7canDataEJSt14default_deleteIS1_EEERKT0_RKSt11_Tuple_implIXT_EJS5_DpT1_EE
                0x0800187e       0x18 ./Core/Src/can_communication.o
                0x0800187e                CanCom::canData* const& std::__get_helper<0u, CanCom::canData*, std::default_delete<CanCom::canData> >(std::_Tuple_impl<0u, CanCom::canData*, std::default_delete<CanCom::canData> > const&)
 .text._ZNSt5tupleIJPN6CanCom7canDataESt14default_deleteIS1_EEEC2ILb1ELb1EEEv
                0x08001896       0x1a ./Core/Src/can_communication.o
                0x08001896                std::tuple<CanCom::canData*, std::default_delete<CanCom::canData> >::tuple<true, true>()
                0x08001896                std::tuple<CanCom::canData*, std::default_delete<CanCom::canData> >::tuple<true, true>()
 .text._ZSt12__get_helperILj0EPN6CanCom7canDataEJSt14default_deleteIS1_EEERT0_RSt11_Tuple_implIXT_EJS5_DpT1_EE
                0x080018b0       0x18 ./Core/Src/can_communication.o
                0x080018b0                CanCom::canData*& std::__get_helper<0u, CanCom::canData*, std::default_delete<CanCom::canData> >(std::_Tuple_impl<0u, CanCom::canData*, std::default_delete<CanCom::canData> >&)
 .text._ZNSt11_Tuple_implILj0EJPN6CanCom7canDataESt14default_deleteIS1_EEE7_M_headERKS5_
                0x080018c8       0x1a ./Core/Src/can_communication.o
                0x080018c8                std::_Tuple_impl<0u, CanCom::canData*, std::default_delete<CanCom::canData> >::_M_head(std::_Tuple_impl<0u, CanCom::canData*, std::default_delete<CanCom::canData> > const&)
 .text._ZNSt11_Tuple_implILj0EJPN6CanCom7canDataESt14default_deleteIS1_EEEC2Ev
                0x080018e2       0x20 ./Core/Src/can_communication.o
                0x080018e2                std::_Tuple_impl<0u, CanCom::canData*, std::default_delete<CanCom::canData> >::_Tuple_impl()
                0x080018e2                std::_Tuple_impl<0u, CanCom::canData*, std::default_delete<CanCom::canData> >::_Tuple_impl()
 .text._ZNSt11_Tuple_implILj0EJPN6CanCom7canDataESt14default_deleteIS1_EEE7_M_headERS5_
                0x08001902       0x1a ./Core/Src/can_communication.o
                0x08001902                std::_Tuple_impl<0u, CanCom::canData*, std::default_delete<CanCom::canData> >::_M_head(std::_Tuple_impl<0u, CanCom::canData*, std::default_delete<CanCom::canData> >&)
 .text._ZNSt10_Head_baseILj0EPN6CanCom7canDataELb0EE7_M_headERKS3_
                0x0800191c       0x16 ./Core/Src/can_communication.o
                0x0800191c                std::_Head_base<0u, CanCom::canData*, false>::_M_head(std::_Head_base<0u, CanCom::canData*, false> const&)
 .text._ZNSt11_Tuple_implILj1EJSt14default_deleteIN6CanCom7canDataEEEEC2Ev
                0x08001932       0x18 ./Core/Src/can_communication.o
                0x08001932                std::_Tuple_impl<1u, std::default_delete<CanCom::canData> >::_Tuple_impl()
                0x08001932                std::_Tuple_impl<1u, std::default_delete<CanCom::canData> >::_Tuple_impl()
 .text._ZNSt10_Head_baseILj0EPN6CanCom7canDataELb0EEC2Ev
                0x0800194a       0x1c ./Core/Src/can_communication.o
                0x0800194a                std::_Head_base<0u, CanCom::canData*, false>::_Head_base()
                0x0800194a                std::_Head_base<0u, CanCom::canData*, false>::_Head_base()
 .text._ZNSt10_Head_baseILj0EPN6CanCom7canDataELb0EE7_M_headERS3_
                0x08001966       0x16 ./Core/Src/can_communication.o
                0x08001966                std::_Head_base<0u, CanCom::canData*, false>::_M_head(std::_Head_base<0u, CanCom::canData*, false>&)
 .text._ZNSt10_Head_baseILj1ESt14default_deleteIN6CanCom7canDataEELb1EEC2Ev
                0x0800197c       0x16 ./Core/Src/can_communication.o
                0x0800197c                std::_Head_base<1u, std::default_delete<CanCom::canData>, true>::_Head_base()
                0x0800197c                std::_Head_base<1u, std::default_delete<CanCom::canData>, true>::_Head_base()
 *fill*         0x08001992        0x2 
 .text.LL_CORDIC_Config
                0x08001994       0x48 ./Core/Src/main.o
 .text._ZN10Acrocantho6CordicC2Ev
                0x080019dc       0x50 ./Core/Src/main.o
                0x080019dc                Acrocantho::Cordic::Cordic()
                0x080019dc                Acrocantho::Cordic::Cordic()
 .text.main     0x08001a2c      0x114 ./Core/Src/main.o
                0x08001a2c                main
 .text._Z18SystemClock_Configv
                0x08001b40       0xaa ./Core/Src/main.o
                0x08001b40                SystemClock_Config()
 *fill*         0x08001bea        0x2 
 .text._ZL12MX_ADC1_Initv
                0x08001bec      0x12c ./Core/Src/main.o
 .text._ZL12MX_ADC2_Initv
                0x08001d18      0x148 ./Core/Src/main.o
 .text._ZL14MX_CORDIC_Initv
                0x08001e60       0x30 ./Core/Src/main.o
 .text._ZL14MX_FDCAN1_Initv
                0x08001e90       0x98 ./Core/Src/main.o
 .text._ZL12MX_I2C1_Initv
                0x08001f28       0xa4 ./Core/Src/main.o
 .text._ZL12MX_TIM1_Initv
                0x08001fcc      0x19c ./Core/Src/main.o
 .text._ZL11MX_DMA_Initv
                0x08002168       0x64 ./Core/Src/main.o
 .text._ZL12MX_GPIO_Initv
                0x080021cc      0x12c ./Core/Src/main.o
 .text.Error_Handler
                0x080022f8        0xc ./Core/Src/main.o
                0x080022f8                Error_Handler
 .text._ZN3AngD2Ev
                0x08002304       0x1a ./Core/Src/main.o
                0x08002304                Ang::~Ang()
                0x08002304                Ang::~Ang()
 .text._ZN6CanComD2Ev
                0x0800231e       0x1a ./Core/Src/main.o
                0x0800231e                CanCom::~CanCom()
                0x0800231e                CanCom::~CanCom()
 .text._Z41__static_initialization_and_destruction_0ii
                0x08002338       0x60 ./Core/Src/main.o
 .text._ZNSt10unique_ptrIN3Ang7angDataESt14default_deleteIS1_EED2Ev
                0x08002398       0x44 ./Core/Src/main.o
                0x08002398                std::unique_ptr<Ang::angData, std::default_delete<Ang::angData> >::~unique_ptr()
                0x08002398                std::unique_ptr<Ang::angData, std::default_delete<Ang::angData> >::~unique_ptr()
 .text._ZNSt10unique_ptrIN6CanCom7canDataESt14default_deleteIS1_EED2Ev
                0x080023dc       0x44 ./Core/Src/main.o
                0x080023dc                std::unique_ptr<CanCom::canData, std::default_delete<CanCom::canData> >::~unique_ptr()
                0x080023dc                std::unique_ptr<CanCom::canData, std::default_delete<CanCom::canData> >::~unique_ptr()
 .text._ZNSt10unique_ptrIN3Ang7angDataESt14default_deleteIS1_EE11get_deleterEv
                0x08002420       0x1a ./Core/Src/main.o
                0x08002420                std::unique_ptr<Ang::angData, std::default_delete<Ang::angData> >::get_deleter()
 .text._ZSt4moveIRPN3Ang7angDataEEONSt16remove_referenceIT_E4typeEOS5_
                0x0800243a       0x16 ./Core/Src/main.o
                0x0800243a                std::remove_reference<Ang::angData*&>::type&& std::move<Ang::angData*&>(Ang::angData*&)
 .text._ZNKSt14default_deleteIN3Ang7angDataEEclEPS1_
                0x08002450       0x20 ./Core/Src/main.o
                0x08002450                std::default_delete<Ang::angData>::operator()(Ang::angData*) const
 .text._ZNSt10unique_ptrIN6CanCom7canDataESt14default_deleteIS1_EE11get_deleterEv
                0x08002470       0x1a ./Core/Src/main.o
                0x08002470                std::unique_ptr<CanCom::canData, std::default_delete<CanCom::canData> >::get_deleter()
 .text._ZSt4moveIRPN6CanCom7canDataEEONSt16remove_referenceIT_E4typeEOS5_
                0x0800248a       0x16 ./Core/Src/main.o
                0x0800248a                std::remove_reference<CanCom::canData*&>::type&& std::move<CanCom::canData*&>(CanCom::canData*&)
 .text._ZNKSt14default_deleteIN6CanCom7canDataEEclEPS1_
                0x080024a0       0x20 ./Core/Src/main.o
                0x080024a0                std::default_delete<CanCom::canData>::operator()(CanCom::canData*) const
 .text._ZNSt15__uniq_ptr_implIN3Ang7angDataESt14default_deleteIS1_EE10_M_deleterEv
                0x080024c0       0x1a ./Core/Src/main.o
                0x080024c0                std::__uniq_ptr_impl<Ang::angData, std::default_delete<Ang::angData> >::_M_deleter()
 .text._ZNSt15__uniq_ptr_implIN6CanCom7canDataESt14default_deleteIS1_EE10_M_deleterEv
                0x080024da       0x1a ./Core/Src/main.o
                0x080024da                std::__uniq_ptr_impl<CanCom::canData, std::default_delete<CanCom::canData> >::_M_deleter()
 .text._ZSt3getILj1EJPN3Ang7angDataESt14default_deleteIS1_EEERNSt13tuple_elementIXT_ESt5tupleIJDpT0_EEE4typeERS9_
                0x080024f4       0x18 ./Core/Src/main.o
                0x080024f4                std::tuple_element<1u, std::tuple<Ang::angData*, std::default_delete<Ang::angData> > >::type& std::get<1u, Ang::angData*, std::default_delete<Ang::angData> >(std::tuple<Ang::angData*, std::default_delete<Ang::angData> >&)
 .text._ZSt3getILj1EJPN6CanCom7canDataESt14default_deleteIS1_EEERNSt13tuple_elementIXT_ESt5tupleIJDpT0_EEE4typeERS9_
                0x0800250c       0x18 ./Core/Src/main.o
                0x0800250c                std::tuple_element<1u, std::tuple<CanCom::canData*, std::default_delete<CanCom::canData> > >::type& std::get<1u, CanCom::canData*, std::default_delete<CanCom::canData> >(std::tuple<CanCom::canData*, std::default_delete<CanCom::canData> >&)
 .text._ZSt12__get_helperILj1ESt14default_deleteIN3Ang7angDataEEJEERT0_RSt11_Tuple_implIXT_EJS4_DpT1_EE
                0x08002524       0x18 ./Core/Src/main.o
                0x08002524                std::default_delete<Ang::angData>& std::__get_helper<1u, std::default_delete<Ang::angData>>(std::_Tuple_impl<1u, std::default_delete<Ang::angData>>&)
 .text._ZSt12__get_helperILj1ESt14default_deleteIN6CanCom7canDataEEJEERT0_RSt11_Tuple_implIXT_EJS4_DpT1_EE
                0x0800253c       0x18 ./Core/Src/main.o
                0x0800253c                std::default_delete<CanCom::canData>& std::__get_helper<1u, std::default_delete<CanCom::canData>>(std::_Tuple_impl<1u, std::default_delete<CanCom::canData>>&)
 .text._ZNSt11_Tuple_implILj1EJSt14default_deleteIN3Ang7angDataEEEE7_M_headERS4_
                0x08002554       0x18 ./Core/Src/main.o
                0x08002554                std::_Tuple_impl<1u, std::default_delete<Ang::angData> >::_M_head(std::_Tuple_impl<1u, std::default_delete<Ang::angData> >&)
 .text._ZNSt11_Tuple_implILj1EJSt14default_deleteIN6CanCom7canDataEEEE7_M_headERS4_
                0x0800256c       0x18 ./Core/Src/main.o
                0x0800256c                std::_Tuple_impl<1u, std::default_delete<CanCom::canData> >::_M_head(std::_Tuple_impl<1u, std::default_delete<CanCom::canData> >&)
 .text._ZNSt10_Head_baseILj1ESt14default_deleteIN3Ang7angDataEELb1EE7_M_headERS4_
                0x08002584       0x16 ./Core/Src/main.o
                0x08002584                std::_Head_base<1u, std::default_delete<Ang::angData>, true>::_M_head(std::_Head_base<1u, std::default_delete<Ang::angData>, true>&)
 .text._ZNSt10_Head_baseILj1ESt14default_deleteIN6CanCom7canDataEELb1EE7_M_headERS4_
                0x0800259a       0x16 ./Core/Src/main.o
                0x0800259a                std::_Head_base<1u, std::default_delete<CanCom::canData>, true>::_M_head(std::_Head_base<1u, std::default_delete<CanCom::canData>, true>&)
 .text._GLOBAL__sub_I_hadc1
                0x080025b0       0x10 ./Core/Src/main.o
 .text._GLOBAL__sub_D_hadc1
                0x080025c0       0x10 ./Core/Src/main.o
 .text._ZN11ModeControlC2Ev
                0x080025d0       0x1c ./Core/Src/mode_contrl.o
                0x080025d0                ModeControl::ModeControl()
                0x080025d0                ModeControl::ModeControl()
 .text._ZN11ModeControl8modeCtrlEh
                0x080025ec       0x5c ./Core/Src/mode_contrl.o
                0x080025ec                ModeControl::modeCtrl(unsigned char)
 .text._Z41__static_initialization_and_destruction_0ii
                0x08002648       0x2c ./Core/Src/mode_contrl.o
 .text._GLOBAL__sub_I_modecontrol
                0x08002674       0x10 ./Core/Src/mode_contrl.o
 .text._ZN6OutPwmC2Ev
                0x08002684       0x48 ./Core/Src/out_pwm.o
                0x08002684                OutPwm::OutPwm()
                0x08002684                OutPwm::OutPwm()
 .text._ZN6OutPwm3PonEv
                0x080026cc       0x22 ./Core/Src/out_pwm.o
                0x080026cc                OutPwm::Pon()
 *fill*         0x080026ee        0x2 
 .text._ZN6OutPwm4PoffEv
                0x080026f0       0x2c ./Core/Src/out_pwm.o
                0x080026f0                OutPwm::Poff()
 .text._ZN6OutPwm6setRegEfff
                0x0800271c       0xa8 ./Core/Src/out_pwm.o
                0x0800271c                OutPwm::setReg(float, float, float)
 .text._ZN6OutPwm9dutyGuardEf
                0x080027c4       0x88 ./Core/Src/out_pwm.o
                0x080027c4                OutPwm::dutyGuard(float)
 .text._ZN10outPwmDataC2Ev
                0x0800284c       0x2e ./Core/Src/out_pwm.o
                0x0800284c                outPwmData::outPwmData()
                0x0800284c                outPwmData::outPwmData()
 .text._ZSt11make_uniqueI10outPwmDataJEENSt8__detail9_MakeUniqIT_E15__single_objectEDpOT0_
                0x0800287a       0x3a ./Core/Src/out_pwm.o
                0x0800287a                std::__detail::_MakeUniq<outPwmData>::__single_object std::make_unique<outPwmData>()
 .text._ZNSt10unique_ptrI10outPwmDataSt14default_deleteIS0_EED2Ev
                0x080028b4       0x44 ./Core/Src/out_pwm.o
                0x080028b4                std::unique_ptr<outPwmData, std::default_delete<outPwmData> >::~unique_ptr()
                0x080028b4                std::unique_ptr<outPwmData, std::default_delete<outPwmData> >::~unique_ptr()
 .text._ZNSt15__uniq_ptr_dataI10outPwmDataSt14default_deleteIS0_ELb1ELb1EECI2St15__uniq_ptr_implIS0_S2_EEPS0_
                0x080028f8       0x20 ./Core/Src/out_pwm.o
                0x080028f8                std::__uniq_ptr_data<outPwmData, std::default_delete<outPwmData>, true, true>::__uniq_ptr_impl(outPwmData*)
                0x080028f8                std::__uniq_ptr_data<outPwmData, std::default_delete<outPwmData>, true, true>::__uniq_ptr_impl(outPwmData*)
 .text._ZNSt10unique_ptrI10outPwmDataSt14default_deleteIS0_EEC2IS2_vEEPS0_
                0x08002918       0x1e ./Core/Src/out_pwm.o
                0x08002918                std::unique_ptr<outPwmData, std::default_delete<outPwmData> >::unique_ptr<std::default_delete<outPwmData>, void>(outPwmData*)
                0x08002918                std::unique_ptr<outPwmData, std::default_delete<outPwmData> >::unique_ptr<std::default_delete<outPwmData>, void>(outPwmData*)
 .text._ZNSt15__uniq_ptr_implI10outPwmDataSt14default_deleteIS0_EE6_M_ptrEv
                0x08002936       0x1a ./Core/Src/out_pwm.o
                0x08002936                std::__uniq_ptr_impl<outPwmData, std::default_delete<outPwmData> >::_M_ptr()
 .text._ZNSt10unique_ptrI10outPwmDataSt14default_deleteIS0_EE11get_deleterEv
                0x08002950       0x1a ./Core/Src/out_pwm.o
                0x08002950                std::unique_ptr<outPwmData, std::default_delete<outPwmData> >::get_deleter()
 .text._ZSt4moveIRP10outPwmDataEONSt16remove_referenceIT_E4typeEOS4_
                0x0800296a       0x16 ./Core/Src/out_pwm.o
                0x0800296a                std::remove_reference<outPwmData*&>::type&& std::move<outPwmData*&>(outPwmData*&)
 .text._ZNKSt14default_deleteI10outPwmDataEclEPS0_
                0x08002980       0x20 ./Core/Src/out_pwm.o
                0x08002980                std::default_delete<outPwmData>::operator()(outPwmData*) const
 .text._ZNSt15__uniq_ptr_implI10outPwmDataSt14default_deleteIS0_EEC2EPS0_
                0x080029a0       0x28 ./Core/Src/out_pwm.o
                0x080029a0                std::__uniq_ptr_impl<outPwmData, std::default_delete<outPwmData> >::__uniq_ptr_impl(outPwmData*)
                0x080029a0                std::__uniq_ptr_impl<outPwmData, std::default_delete<outPwmData> >::__uniq_ptr_impl(outPwmData*)
 .text._ZSt3getILj0EJP10outPwmDataSt14default_deleteIS0_EEERNSt13tuple_elementIXT_ESt5tupleIJDpT0_EEE4typeERS8_
                0x080029c8       0x1a ./Core/Src/out_pwm.o
                0x080029c8                std::tuple_element<0u, std::tuple<outPwmData*, std::default_delete<outPwmData> > >::type& std::get<0u, outPwmData*, std::default_delete<outPwmData> >(std::tuple<outPwmData*, std::default_delete<outPwmData> >&)
 .text._ZNSt15__uniq_ptr_implI10outPwmDataSt14default_deleteIS0_EE10_M_deleterEv
                0x080029e2       0x1a ./Core/Src/out_pwm.o
                0x080029e2                std::__uniq_ptr_impl<outPwmData, std::default_delete<outPwmData> >::_M_deleter()
 .text._ZNSt5tupleIJP10outPwmDataSt14default_deleteIS0_EEEC2ILb1ELb1EEEv
                0x080029fc       0x1a ./Core/Src/out_pwm.o
                0x080029fc                std::tuple<outPwmData*, std::default_delete<outPwmData> >::tuple<true, true>()
                0x080029fc                std::tuple<outPwmData*, std::default_delete<outPwmData> >::tuple<true, true>()
 .text._ZSt12__get_helperILj0EP10outPwmDataJSt14default_deleteIS0_EEERT0_RSt11_Tuple_implIXT_EJS4_DpT1_EE
                0x08002a16       0x18 ./Core/Src/out_pwm.o
                0x08002a16                outPwmData*& std::__get_helper<0u, outPwmData*, std::default_delete<outPwmData> >(std::_Tuple_impl<0u, outPwmData*, std::default_delete<outPwmData> >&)
 .text._ZSt3getILj1EJP10outPwmDataSt14default_deleteIS0_EEERNSt13tuple_elementIXT_ESt5tupleIJDpT0_EEE4typeERS8_
                0x08002a2e       0x18 ./Core/Src/out_pwm.o
                0x08002a2e                std::tuple_element<1u, std::tuple<outPwmData*, std::default_delete<outPwmData> > >::type& std::get<1u, outPwmData*, std::default_delete<outPwmData> >(std::tuple<outPwmData*, std::default_delete<outPwmData> >&)
 .text._ZNSt11_Tuple_implILj0EJP10outPwmDataSt14default_deleteIS0_EEEC2Ev
                0x08002a46       0x20 ./Core/Src/out_pwm.o
                0x08002a46                std::_Tuple_impl<0u, outPwmData*, std::default_delete<outPwmData> >::_Tuple_impl()
                0x08002a46                std::_Tuple_impl<0u, outPwmData*, std::default_delete<outPwmData> >::_Tuple_impl()
 .text._ZNSt11_Tuple_implILj0EJP10outPwmDataSt14default_deleteIS0_EEE7_M_headERS4_
                0x08002a66       0x1a ./Core/Src/out_pwm.o
                0x08002a66                std::_Tuple_impl<0u, outPwmData*, std::default_delete<outPwmData> >::_M_head(std::_Tuple_impl<0u, outPwmData*, std::default_delete<outPwmData> >&)
 .text._ZSt12__get_helperILj1ESt14default_deleteI10outPwmDataEJEERT0_RSt11_Tuple_implIXT_EJS3_DpT1_EE
                0x08002a80       0x18 ./Core/Src/out_pwm.o
                0x08002a80                std::default_delete<outPwmData>& std::__get_helper<1u, std::default_delete<outPwmData>>(std::_Tuple_impl<1u, std::default_delete<outPwmData>>&)
 .text._ZNSt11_Tuple_implILj1EJSt14default_deleteI10outPwmDataEEEC2Ev
                0x08002a98       0x18 ./Core/Src/out_pwm.o
                0x08002a98                std::_Tuple_impl<1u, std::default_delete<outPwmData> >::_Tuple_impl()
                0x08002a98                std::_Tuple_impl<1u, std::default_delete<outPwmData> >::_Tuple_impl()
 .text._ZNSt10_Head_baseILj0EP10outPwmDataLb0EEC2Ev
                0x08002ab0       0x1c ./Core/Src/out_pwm.o
                0x08002ab0                std::_Head_base<0u, outPwmData*, false>::_Head_base()
                0x08002ab0                std::_Head_base<0u, outPwmData*, false>::_Head_base()
 .text._ZNSt10_Head_baseILj0EP10outPwmDataLb0EE7_M_headERS2_
                0x08002acc       0x16 ./Core/Src/out_pwm.o
                0x08002acc                std::_Head_base<0u, outPwmData*, false>::_M_head(std::_Head_base<0u, outPwmData*, false>&)
 .text._ZNSt11_Tuple_implILj1EJSt14default_deleteI10outPwmDataEEE7_M_headERS3_
                0x08002ae2       0x18 ./Core/Src/out_pwm.o
                0x08002ae2                std::_Tuple_impl<1u, std::default_delete<outPwmData> >::_M_head(std::_Tuple_impl<1u, std::default_delete<outPwmData> >&)
 .text._ZNSt10_Head_baseILj1ESt14default_deleteI10outPwmDataELb1EEC2Ev
                0x08002afa       0x16 ./Core/Src/out_pwm.o
                0x08002afa                std::_Head_base<1u, std::default_delete<outPwmData>, true>::_Head_base()
                0x08002afa                std::_Head_base<1u, std::default_delete<outPwmData>, true>::_Head_base()
 .text._ZNSt10_Head_baseILj1ESt14default_deleteI10outPwmDataELb1EE7_M_headERS3_
                0x08002b10       0x16 ./Core/Src/out_pwm.o
                0x08002b10                std::_Head_base<1u, std::default_delete<outPwmData>, true>::_M_head(std::_Head_base<1u, std::default_delete<outPwmData>, true>&)
 .text._ZN6OutPwmD2Ev
                0x08002b26       0x1c ./Core/Src/out_pwm.o
                0x08002b26                OutPwm::~OutPwm()
                0x08002b26                OutPwm::~OutPwm()
 *fill*         0x08002b42        0x2 
 .text._Z41__static_initialization_and_destruction_0ii
                0x08002b44       0x44 ./Core/Src/out_pwm.o
 .text._GLOBAL__sub_I_outpwm
                0x08002b88       0x10 ./Core/Src/out_pwm.o
 .text._GLOBAL__sub_D_outpwm
                0x08002b98       0x10 ./Core/Src/out_pwm.o
 .text.HAL_MspInit
                0x08002ba8       0x48 ./Core/Src/stm32g4xx_hal_msp.o
                0x08002ba8                HAL_MspInit
 .text.HAL_ADC_MspInit
                0x08002bf0      0x168 ./Core/Src/stm32g4xx_hal_msp.o
                0x08002bf0                HAL_ADC_MspInit
 .text.HAL_CORDIC_MspInit
                0x08002d58       0x40 ./Core/Src/stm32g4xx_hal_msp.o
                0x08002d58                HAL_CORDIC_MspInit
 .text.HAL_FDCAN_MspInit
                0x08002d98       0xe8 ./Core/Src/stm32g4xx_hal_msp.o
                0x08002d98                HAL_FDCAN_MspInit
 .text.HAL_I2C_MspInit
                0x08002e80      0x1c4 ./Core/Src/stm32g4xx_hal_msp.o
                0x08002e80                HAL_I2C_MspInit
 .text.HAL_TIM_PWM_MspInit
                0x08003044       0x40 ./Core/Src/stm32g4xx_hal_msp.o
                0x08003044                HAL_TIM_PWM_MspInit
 .text.HAL_TIM_MspPostInit
                0x08003084       0xac ./Core/Src/stm32g4xx_hal_msp.o
                0x08003084                HAL_TIM_MspPostInit
 .text.NMI_Handler
                0x08003130        0x8 ./Core/Src/stm32g4xx_it.o
                0x08003130                NMI_Handler
 .text.HardFault_Handler
                0x08003138        0x8 ./Core/Src/stm32g4xx_it.o
                0x08003138                HardFault_Handler
 .text.MemManage_Handler
                0x08003140        0x8 ./Core/Src/stm32g4xx_it.o
                0x08003140                MemManage_Handler
 .text.BusFault_Handler
                0x08003148        0x8 ./Core/Src/stm32g4xx_it.o
                0x08003148                BusFault_Handler
 .text.UsageFault_Handler
                0x08003150        0x8 ./Core/Src/stm32g4xx_it.o
                0x08003150                UsageFault_Handler
 .text.SVC_Handler
                0x08003158        0xe ./Core/Src/stm32g4xx_it.o
                0x08003158                SVC_Handler
 .text.DebugMon_Handler
                0x08003166        0xe ./Core/Src/stm32g4xx_it.o
                0x08003166                DebugMon_Handler
 .text.PendSV_Handler
                0x08003174        0xe ./Core/Src/stm32g4xx_it.o
                0x08003174                PendSV_Handler
 .text.SysTick_Handler
                0x08003182        0xc ./Core/Src/stm32g4xx_it.o
                0x08003182                SysTick_Handler
 *fill*         0x0800318e        0x2 
 .text.DMA1_Channel1_IRQHandler
                0x08003190       0x14 ./Core/Src/stm32g4xx_it.o
                0x08003190                DMA1_Channel1_IRQHandler
 .text.DMA1_Channel2_IRQHandler
                0x080031a4       0x14 ./Core/Src/stm32g4xx_it.o
                0x080031a4                DMA1_Channel2_IRQHandler
 .text.ADC1_2_IRQHandler
                0x080031b8       0x1c ./Core/Src/stm32g4xx_it.o
                0x080031b8                ADC1_2_IRQHandler
 .text.FDCAN1_IT0_IRQHandler
                0x080031d4       0x14 ./Core/Src/stm32g4xx_it.o
                0x080031d4                FDCAN1_IT0_IRQHandler
 .text.I2C1_EV_IRQHandler
                0x080031e8       0x14 ./Core/Src/stm32g4xx_it.o
                0x080031e8                I2C1_EV_IRQHandler
 .text.I2C1_ER_IRQHandler
                0x080031fc       0x14 ./Core/Src/stm32g4xx_it.o
                0x080031fc                I2C1_ER_IRQHandler
 .text.EXTI15_10_IRQHandler
                0x08003210       0x10 ./Core/Src/stm32g4xx_it.o
                0x08003210                EXTI15_10_IRQHandler
 .text._getpid  0x08003220       0x10 ./Core/Src/syscalls.o
                0x08003220                _getpid
 .text._kill    0x08003230       0x20 ./Core/Src/syscalls.o
                0x08003230                _kill
 .text._exit    0x08003250       0x16 ./Core/Src/syscalls.o
                0x08003250                _exit
 *fill*         0x08003266        0x2 
 .text._sbrk    0x08003268       0x6c ./Core/Src/sysmem.o
                0x08003268                _sbrk
 .text.SystemInit
                0x080032d4       0x24 ./Core/Src/system_stm32g4xx.o
                0x080032d4                SystemInit
 .text.LL_CORDIC_WriteData
                0x080032f8       0x1c ./Core/Src/user_task.o
 .text.LL_CORDIC_ReadData
                0x08003314       0x18 ./Core/Src/user_task.o
 .text._ZNK10Acrocantho6CordicclEl
                0x0800332c       0x70 ./Core/Src/user_task.o
                0x0800332c                Acrocantho::Cordic::operator()(long) const
 .text._ZNK10Acrocantho6Cordic7radiansEf
                0x0800339c       0xd0 ./Core/Src/user_task.o
                0x0800339c                Acrocantho::Cordic::radians(float) const
 .text._ZN10Acrocantho6Cordic8from_q31Em
                0x0800346c       0x2c ./Core/Src/user_task.o
                0x0800346c                Acrocantho::Cordic::from_q31(unsigned long)
 .text._ZN10Acrocantho15TrigonTransformC2ERKNS_6SinCosEff
                0x08003498       0x6c ./Core/Src/user_task.o
                0x08003498                Acrocantho::TrigonTransform::TrigonTransform(Acrocantho::SinCos const&, float, float)
                0x08003498                Acrocantho::TrigonTransform::TrigonTransform(Acrocantho::SinCos const&, float, float)
 .text._ZN10Acrocantho18InverseDqTransformC2Eff
                0x08003504       0x84 ./Core/Src/user_task.o
                0x08003504                Acrocantho::InverseDqTransform::InverseDqTransform(float, float)
                0x08003504                Acrocantho::InverseDqTransform::InverseDqTransform(float, float)
 .text._ZNK3Ang10getAngDataEv
                0x08003588       0x1a ./Core/Src/user_task.o
                0x08003588                Ang::getAngData() const
 .text._ZN6CanCom7getDataEv
                0x080035a2       0x1a ./Core/Src/user_task.o
                0x080035a2                CanCom::getData()
 .text._ZN8UserTaskC2Ev
                0x080035bc       0x2c ./Core/Src/user_task.o
                0x080035bc                UserTask::UserTask()
                0x080035bc                UserTask::UserTask()
 .text._ZN8UserTask10cyclicTaskEv
                0x080035e8       0xe4 ./Core/Src/user_task.o
                0x080035e8                UserTask::cyclicTask()
 .text._ZN8UserTask8idleTaskEv
                0x080036cc       0x40 ./Core/Src/user_task.o
                0x080036cc                UserTask::idleTask()
 .text._ZN8UserTask12motorControlEv
                0x0800370c       0xe4 ./Core/Src/user_task.o
                0x0800370c                UserTask::motorControl()
 .text._ZN8UserTask6setRefEv
                0x080037f0       0x8c ./Core/Src/user_task.o
                0x080037f0                UserTask::setRef()
 .text._ZN8UserTask10servoCheckEv
                0x0800387c       0x30 ./Core/Src/user_task.o
                0x0800387c                UserTask::servoCheck()
 .text.HAL_ADCEx_InjectedConvCpltCallback
                0x080038ac       0x1c ./Core/Src/user_task.o
                0x080038ac                HAL_ADCEx_InjectedConvCpltCallback
 .text._ZN8UserTask12userTaskDataC2Ev
                0x080038c8       0x3a ./Core/Src/user_task.o
                0x080038c8                UserTask::userTaskData::userTaskData()
                0x080038c8                UserTask::userTaskData::userTaskData()
 .text._ZSt11make_uniqueIN8UserTask12userTaskDataEJEENSt8__detail9_MakeUniqIT_E15__single_objectEDpOT0_
                0x08003902       0x34 ./Core/Src/user_task.o
                0x08003902                std::__detail::_MakeUniq<UserTask::userTaskData>::__single_object std::make_unique<UserTask::userTaskData>()
 .text._ZNSt10unique_ptrIN8UserTask12userTaskDataESt14default_deleteIS1_EED2Ev
                0x08003936       0x44 ./Core/Src/user_task.o
                0x08003936                std::unique_ptr<UserTask::userTaskData, std::default_delete<UserTask::userTaskData> >::~unique_ptr()
                0x08003936                std::unique_ptr<UserTask::userTaskData, std::default_delete<UserTask::userTaskData> >::~unique_ptr()
 .text._ZNKSt10unique_ptrIN8UserTask12userTaskDataESt14default_deleteIS1_EEptEv
                0x0800397a       0x18 ./Core/Src/user_task.o
                0x0800397a                std::unique_ptr<UserTask::userTaskData, std::default_delete<UserTask::userTaskData> >::operator->() const
 .text._ZNSt15__uniq_ptr_dataIN8UserTask12userTaskDataESt14default_deleteIS1_ELb1ELb1EECI2St15__uniq_ptr_implIS1_S3_EEPS1_
                0x08003992       0x20 ./Core/Src/user_task.o
                0x08003992                std::__uniq_ptr_data<UserTask::userTaskData, std::default_delete<UserTask::userTaskData>, true, true>::__uniq_ptr_impl(UserTask::userTaskData*)
                0x08003992                std::__uniq_ptr_data<UserTask::userTaskData, std::default_delete<UserTask::userTaskData>, true, true>::__uniq_ptr_impl(UserTask::userTaskData*)
 .text._ZNSt10unique_ptrIN8UserTask12userTaskDataESt14default_deleteIS1_EEC2IS3_vEEPS1_
                0x080039b2       0x1e ./Core/Src/user_task.o
                0x080039b2                std::unique_ptr<UserTask::userTaskData, std::default_delete<UserTask::userTaskData> >::unique_ptr<std::default_delete<UserTask::userTaskData>, void>(UserTask::userTaskData*)
                0x080039b2                std::unique_ptr<UserTask::userTaskData, std::default_delete<UserTask::userTaskData> >::unique_ptr<std::default_delete<UserTask::userTaskData>, void>(UserTask::userTaskData*)
 .text._ZNSt15__uniq_ptr_implIN8UserTask12userTaskDataESt14default_deleteIS1_EE6_M_ptrEv
                0x080039d0       0x1a ./Core/Src/user_task.o
                0x080039d0                std::__uniq_ptr_impl<UserTask::userTaskData, std::default_delete<UserTask::userTaskData> >::_M_ptr()
 .text._ZNSt10unique_ptrIN8UserTask12userTaskDataESt14default_deleteIS1_EE11get_deleterEv
                0x080039ea       0x1a ./Core/Src/user_task.o
                0x080039ea                std::unique_ptr<UserTask::userTaskData, std::default_delete<UserTask::userTaskData> >::get_deleter()
 .text._ZSt4moveIRPN8UserTask12userTaskDataEEONSt16remove_referenceIT_E4typeEOS5_
                0x08003a04       0x16 ./Core/Src/user_task.o
                0x08003a04                std::remove_reference<UserTask::userTaskData*&>::type&& std::move<UserTask::userTaskData*&>(UserTask::userTaskData*&)
 .text._ZNKSt14default_deleteIN8UserTask12userTaskDataEEclEPS1_
                0x08003a1a       0x20 ./Core/Src/user_task.o
                0x08003a1a                std::default_delete<UserTask::userTaskData>::operator()(UserTask::userTaskData*) const
 .text._ZNSt15__uniq_ptr_implIN8UserTask12userTaskDataESt14default_deleteIS1_EEC2EPS1_
                0x08003a3a       0x28 ./Core/Src/user_task.o
                0x08003a3a                std::__uniq_ptr_impl<UserTask::userTaskData, std::default_delete<UserTask::userTaskData> >::__uniq_ptr_impl(UserTask::userTaskData*)
                0x08003a3a                std::__uniq_ptr_impl<UserTask::userTaskData, std::default_delete<UserTask::userTaskData> >::__uniq_ptr_impl(UserTask::userTaskData*)
 .text._ZSt3getILj0EJPN8UserTask12userTaskDataESt14default_deleteIS1_EEERNSt13tuple_elementIXT_ESt5tupleIJDpT0_EEE4typeERS9_
                0x08003a62       0x1a ./Core/Src/user_task.o
                0x08003a62                std::tuple_element<0u, std::tuple<UserTask::userTaskData*, std::default_delete<UserTask::userTaskData> > >::type& std::get<0u, UserTask::userTaskData*, std::default_delete<UserTask::userTaskData> >(std::tuple<UserTask::userTaskData*, std::default_delete<UserTask::userTaskData> >&)
 .text._ZNSt15__uniq_ptr_implIN8UserTask12userTaskDataESt14default_deleteIS1_EE10_M_deleterEv
                0x08003a7c       0x1a ./Core/Src/user_task.o
                0x08003a7c                std::__uniq_ptr_impl<UserTask::userTaskData, std::default_delete<UserTask::userTaskData> >::_M_deleter()
 .text._ZNSt5tupleIJPN8UserTask12userTaskDataESt14default_deleteIS1_EEEC2ILb1ELb1EEEv
                0x08003a96       0x1a ./Core/Src/user_task.o
                0x08003a96                std::tuple<UserTask::userTaskData*, std::default_delete<UserTask::userTaskData> >::tuple<true, true>()
                0x08003a96                std::tuple<UserTask::userTaskData*, std::default_delete<UserTask::userTaskData> >::tuple<true, true>()
 .text._ZSt12__get_helperILj0EPN8UserTask12userTaskDataEJSt14default_deleteIS1_EEERT0_RSt11_Tuple_implIXT_EJS5_DpT1_EE
                0x08003ab0       0x18 ./Core/Src/user_task.o
                0x08003ab0                UserTask::userTaskData*& std::__get_helper<0u, UserTask::userTaskData*, std::default_delete<UserTask::userTaskData> >(std::_Tuple_impl<0u, UserTask::userTaskData*, std::default_delete<UserTask::userTaskData> >&)
 .text._ZSt3getILj1EJPN8UserTask12userTaskDataESt14default_deleteIS1_EEERNSt13tuple_elementIXT_ESt5tupleIJDpT0_EEE4typeERS9_
                0x08003ac8       0x18 ./Core/Src/user_task.o
                0x08003ac8                std::tuple_element<1u, std::tuple<UserTask::userTaskData*, std::default_delete<UserTask::userTaskData> > >::type& std::get<1u, UserTask::userTaskData*, std::default_delete<UserTask::userTaskData> >(std::tuple<UserTask::userTaskData*, std::default_delete<UserTask::userTaskData> >&)
 .text._ZNSt11_Tuple_implILj0EJPN8UserTask12userTaskDataESt14default_deleteIS1_EEEC2Ev
                0x08003ae0       0x20 ./Core/Src/user_task.o
                0x08003ae0                std::_Tuple_impl<0u, UserTask::userTaskData*, std::default_delete<UserTask::userTaskData> >::_Tuple_impl()
                0x08003ae0                std::_Tuple_impl<0u, UserTask::userTaskData*, std::default_delete<UserTask::userTaskData> >::_Tuple_impl()
 .text._ZNSt11_Tuple_implILj0EJPN8UserTask12userTaskDataESt14default_deleteIS1_EEE7_M_headERS5_
                0x08003b00       0x1a ./Core/Src/user_task.o
                0x08003b00                std::_Tuple_impl<0u, UserTask::userTaskData*, std::default_delete<UserTask::userTaskData> >::_M_head(std::_Tuple_impl<0u, UserTask::userTaskData*, std::default_delete<UserTask::userTaskData> >&)
 .text._ZSt12__get_helperILj1ESt14default_deleteIN8UserTask12userTaskDataEEJEERT0_RSt11_Tuple_implIXT_EJS4_DpT1_EE
                0x08003b1a       0x18 ./Core/Src/user_task.o
                0x08003b1a                std::default_delete<UserTask::userTaskData>& std::__get_helper<1u, std::default_delete<UserTask::userTaskData>>(std::_Tuple_impl<1u, std::default_delete<UserTask::userTaskData>>&)
 .text._ZNSt11_Tuple_implILj1EJSt14default_deleteIN8UserTask12userTaskDataEEEEC2Ev
                0x08003b32       0x18 ./Core/Src/user_task.o
                0x08003b32                std::_Tuple_impl<1u, std::default_delete<UserTask::userTaskData> >::_Tuple_impl()
                0x08003b32                std::_Tuple_impl<1u, std::default_delete<UserTask::userTaskData> >::_Tuple_impl()
 .text._ZNSt10_Head_baseILj0EPN8UserTask12userTaskDataELb0EEC2Ev
                0x08003b4a       0x1c ./Core/Src/user_task.o
                0x08003b4a                std::_Head_base<0u, UserTask::userTaskData*, false>::_Head_base()
                0x08003b4a                std::_Head_base<0u, UserTask::userTaskData*, false>::_Head_base()
 .text._ZNSt10_Head_baseILj0EPN8UserTask12userTaskDataELb0EE7_M_headERS3_
                0x08003b66       0x16 ./Core/Src/user_task.o
                0x08003b66                std::_Head_base<0u, UserTask::userTaskData*, false>::_M_head(std::_Head_base<0u, UserTask::userTaskData*, false>&)
 .text._ZNSt11_Tuple_implILj1EJSt14default_deleteIN8UserTask12userTaskDataEEEE7_M_headERS4_
                0x08003b7c       0x18 ./Core/Src/user_task.o
                0x08003b7c                std::_Tuple_impl<1u, std::default_delete<UserTask::userTaskData> >::_M_head(std::_Tuple_impl<1u, std::default_delete<UserTask::userTaskData> >&)
 .text._ZNSt10_Head_baseILj1ESt14default_deleteIN8UserTask12userTaskDataEELb1EEC2Ev
                0x08003b94       0x16 ./Core/Src/user_task.o
                0x08003b94                std::_Head_base<1u, std::default_delete<UserTask::userTaskData>, true>::_Head_base()
                0x08003b94                std::_Head_base<1u, std::default_delete<UserTask::userTaskData>, true>::_Head_base()
 .text._ZNSt10_Head_baseILj1ESt14default_deleteIN8UserTask12userTaskDataEELb1EE7_M_headERS4_
                0x08003baa       0x16 ./Core/Src/user_task.o
                0x08003baa                std::_Head_base<1u, std::default_delete<UserTask::userTaskData>, true>::_M_head(std::_Head_base<1u, std::default_delete<UserTask::userTaskData>, true>&)
 .text._ZN8UserTaskD2Ev
                0x08003bc0       0x1a ./Core/Src/user_task.o
                0x08003bc0                UserTask::~UserTask()
                0x08003bc0                UserTask::~UserTask()
 *fill*         0x08003bda        0x2 
 .text._Z41__static_initialization_and_destruction_0ii
                0x08003bdc       0x44 ./Core/Src/user_task.o
 .text._GLOBAL__sub_I_usertask
                0x08003c20       0x10 ./Core/Src/user_task.o
 .text._GLOBAL__sub_D_usertask
                0x08003c30       0x10 ./Core/Src/user_task.o
 .text.Reset_Handler
                0x08003c40       0x50 ./Core/Startup/startup_stm32g474retx.o
                0x08003c40                Reset_Handler
 .text.Default_Handler
                0x08003c90        0x2 ./Core/Startup/startup_stm32g474retx.o
                0x08003c90                RTC_Alarm_IRQHandler
                0x08003c90                EXTI2_IRQHandler
                0x08003c90                TIM8_TRG_COM_IRQHandler
                0x08003c90                TIM8_CC_IRQHandler
                0x08003c90                HRTIM1_Master_IRQHandler
                0x08003c90                SPI4_IRQHandler
                0x08003c90                FDCAN3_IT0_IRQHandler
                0x08003c90                TIM1_CC_IRQHandler
                0x08003c90                HRTIM1_FLT_IRQHandler
                0x08003c90                HRTIM1_TIMF_IRQHandler
                0x08003c90                USB_HP_IRQHandler
                0x08003c90                CORDIC_IRQHandler
                0x08003c90                HRTIM1_TIMD_IRQHandler
                0x08003c90                DMA2_Channel8_IRQHandler
                0x08003c90                EXTI3_IRQHandler
                0x08003c90                I2C3_ER_IRQHandler
                0x08003c90                EXTI0_IRQHandler
                0x08003c90                I2C2_EV_IRQHandler
                0x08003c90                FPU_IRQHandler
                0x08003c90                FDCAN1_IT1_IRQHandler
                0x08003c90                TIM1_UP_TIM16_IRQHandler
                0x08003c90                HRTIM1_TIME_IRQHandler
                0x08003c90                SPI1_IRQHandler
                0x08003c90                TIM6_DAC_IRQHandler
                0x08003c90                HRTIM1_TIMC_IRQHandler
                0x08003c90                TIM8_UP_IRQHandler
                0x08003c90                DMA2_Channel2_IRQHandler
                0x08003c90                DMA1_Channel4_IRQHandler
                0x08003c90                TIM20_TRG_COM_IRQHandler
                0x08003c90                USART3_IRQHandler
                0x08003c90                DMA1_Channel7_IRQHandler
                0x08003c90                UART5_IRQHandler
                0x08003c90                ADC3_IRQHandler
                0x08003c90                TIM4_IRQHandler
                0x08003c90                DMA2_Channel1_IRQHandler
                0x08003c90                QUADSPI_IRQHandler
                0x08003c90                DMA1_Channel6_IRQHandler
                0x08003c90                UART4_IRQHandler
                0x08003c90                DMA2_Channel4_IRQHandler
                0x08003c90                TIM3_IRQHandler
                0x08003c90                RCC_IRQHandler
                0x08003c90                TIM20_UP_IRQHandler
                0x08003c90                Default_Handler
                0x08003c90                DMA2_Channel7_IRQHandler
                0x08003c90                RTC_TAMP_LSECSS_IRQHandler
                0x08003c90                FMAC_IRQHandler
                0x08003c90                DMA1_Channel8_IRQHandler
                0x08003c90                HRTIM1_TIMA_IRQHandler
                0x08003c90                TIM7_DAC_IRQHandler
                0x08003c90                FDCAN3_IT1_IRQHandler
                0x08003c90                TIM5_IRQHandler
                0x08003c90                UCPD1_IRQHandler
                0x08003c90                I2C3_EV_IRQHandler
                0x08003c90                EXTI9_5_IRQHandler
                0x08003c90                RTC_WKUP_IRQHandler
                0x08003c90                PVD_PVM_IRQHandler
                0x08003c90                SPI2_IRQHandler
                0x08003c90                ADC5_IRQHandler
                0x08003c90                DMA2_Channel5_IRQHandler
                0x08003c90                CRS_IRQHandler
                0x08003c90                DMA1_Channel5_IRQHandler
                0x08003c90                USB_LP_IRQHandler
                0x08003c90                EXTI4_IRQHandler
                0x08003c90                RNG_IRQHandler
                0x08003c90                HRTIM1_TIMB_IRQHandler
                0x08003c90                TIM1_TRG_COM_TIM17_IRQHandler
                0x08003c90                FDCAN2_IT1_IRQHandler
                0x08003c90                DMA1_Channel3_IRQHandler
                0x08003c90                ADC4_IRQHandler
                0x08003c90                WWDG_IRQHandler
                0x08003c90                I2C4_EV_IRQHandler
                0x08003c90                FDCAN2_IT0_IRQHandler
                0x08003c90                LPUART1_IRQHandler
                0x08003c90                DMA2_Channel6_IRQHandler
                0x08003c90                TIM2_IRQHandler
                0x08003c90                COMP7_IRQHandler
                0x08003c90                COMP1_2_3_IRQHandler
                0x08003c90                EXTI1_IRQHandler
                0x08003c90                USART2_IRQHandler
                0x08003c90                COMP4_5_6_IRQHandler
                0x08003c90                TIM20_BRK_IRQHandler
                0x08003c90                I2C2_ER_IRQHandler
                0x08003c90                TIM8_BRK_IRQHandler
                0x08003c90                FLASH_IRQHandler
                0x08003c90                TIM20_CC_IRQHandler
                0x08003c90                USART1_IRQHandler
                0x08003c90                SPI3_IRQHandler
                0x08003c90                FMC_IRQHandler
                0x08003c90                LPTIM1_IRQHandler
                0x08003c90                DMAMUX_OVR_IRQHandler
                0x08003c90                I2C4_ER_IRQHandler
                0x08003c90                USBWakeUp_IRQHandler
                0x08003c90                SAI1_IRQHandler
                0x08003c90                DMA2_Channel3_IRQHandler
                0x08003c90                TIM1_BRK_TIM15_IRQHandler
 .text.HAL_Init
                0x08003c92       0x30 ./Drivers/STM32G4xx_HAL_Driver/Src/stm32g4xx_hal.o
                0x08003c92                HAL_Init
 *fill*         0x08003cc2        0x2 
 .text.HAL_InitTick
                0x08003cc4       0x74 ./Drivers/STM32G4xx_HAL_Driver/Src/stm32g4xx_hal.o
                0x08003cc4                HAL_InitTick
 .text.HAL_IncTick
                0x08003d38       0x24 ./Drivers/STM32G4xx_HAL_Driver/Src/stm32g4xx_hal.o
                0x08003d38                HAL_IncTick
 .text.HAL_GetTick
                0x08003d5c       0x18 ./Drivers/STM32G4xx_HAL_Driver/Src/stm32g4xx_hal.o
                0x08003d5c                HAL_GetTick
 .text.LL_ADC_SetCommonClock
                0x08003d74       0x26 ./Drivers/STM32G4xx_HAL_Driver/Src/stm32g4xx_hal_adc.o
 .text.LL_ADC_GetCommonPathInternalCh
                0x08003d9a       0x1c ./Drivers/STM32G4xx_HAL_Driver/Src/stm32g4xx_hal_adc.o
 .text.LL_ADC_REG_IsTriggerSourceSWStart
                0x08003db6       0x26 ./Drivers/STM32G4xx_HAL_Driver/Src/stm32g4xx_hal_adc.o
 .text.LL_ADC_INJ_IsTriggerSourceSWStart
                0x08003ddc       0x26 ./Drivers/STM32G4xx_HAL_Driver/Src/stm32g4xx_hal_adc.o
 .text.LL_ADC_GetMultimode
                0x08003e02       0x1c ./Drivers/STM32G4xx_HAL_Driver/Src/stm32g4xx_hal_adc.o
 .text.LL_ADC_GetMultiDMATransfer
                0x08003e1e       0x1c ./Drivers/STM32G4xx_HAL_Driver/Src/stm32g4xx_hal_adc.o
 .text.LL_ADC_DisableDeepPowerDown
                0x08003e3a       0x24 ./Drivers/STM32G4xx_HAL_Driver/Src/stm32g4xx_hal_adc.o
 .text.LL_ADC_IsDeepPowerDownEnabled
                0x08003e5e       0x28 ./Drivers/STM32G4xx_HAL_Driver/Src/stm32g4xx_hal_adc.o
 .text.LL_ADC_EnableInternalRegulator
                0x08003e86       0x28 ./Drivers/STM32G4xx_HAL_Driver/Src/stm32g4xx_hal_adc.o
 .text.LL_ADC_IsInternalRegulatorEnabled
                0x08003eae       0x28 ./Drivers/STM32G4xx_HAL_Driver/Src/stm32g4xx_hal_adc.o
 .text.LL_ADC_Enable
                0x08003ed6       0x28 ./Drivers/STM32G4xx_HAL_Driver/Src/stm32g4xx_hal_adc.o
 .text.LL_ADC_Disable
                0x08003efe       0x28 ./Drivers/STM32G4xx_HAL_Driver/Src/stm32g4xx_hal_adc.o
 .text.LL_ADC_IsEnabled
                0x08003f26       0x26 ./Drivers/STM32G4xx_HAL_Driver/Src/stm32g4xx_hal_adc.o
 .text.LL_ADC_IsDisableOngoing
                0x08003f4c       0x26 ./Drivers/STM32G4xx_HAL_Driver/Src/stm32g4xx_hal_adc.o
 .text.LL_ADC_REG_StartConversion
                0x08003f72       0x28 ./Drivers/STM32G4xx_HAL_Driver/Src/stm32g4xx_hal_adc.o
 .text.LL_ADC_REG_IsConversionOngoing
                0x08003f9a       0x26 ./Drivers/STM32G4xx_HAL_Driver/Src/stm32g4xx_hal_adc.o
 .text.LL_ADC_INJ_IsConversionOngoing
                0x08003fc0       0x26 ./Drivers/STM32G4xx_HAL_Driver/Src/stm32g4xx_hal_adc.o
 *fill*         0x08003fe6        0x2 
 .text.HAL_ADC_Init
                0x08003fe8      0x378 ./Drivers/STM32G4xx_HAL_Driver/Src/stm32g4xx_hal_adc.o
                0x08003fe8                HAL_ADC_Init
 .text.HAL_ADC_Start
                0x08004360      0x1c8 ./Drivers/STM32G4xx_HAL_Driver/Src/stm32g4xx_hal_adc.o
                0x08004360                HAL_ADC_Start
 .text.HAL_ADC_IRQHandler
                0x08004528      0x4c0 ./Drivers/STM32G4xx_HAL_Driver/Src/stm32g4xx_hal_adc.o
                0x08004528                HAL_ADC_IRQHandler
 .text.HAL_ADC_ConvCpltCallback
                0x080049e8       0x14 ./Drivers/STM32G4xx_HAL_Driver/Src/stm32g4xx_hal_adc.o
                0x080049e8                HAL_ADC_ConvCpltCallback
 .text.HAL_ADC_LevelOutOfWindowCallback
                0x080049fc       0x14 ./Drivers/STM32G4xx_HAL_Driver/Src/stm32g4xx_hal_adc.o
                0x080049fc                HAL_ADC_LevelOutOfWindowCallback
 .text.HAL_ADC_ErrorCallback
                0x08004a10       0x14 ./Drivers/STM32G4xx_HAL_Driver/Src/stm32g4xx_hal_adc.o
                0x08004a10                HAL_ADC_ErrorCallback
 .text.ADC_Enable
                0x08004a24      0x12c ./Drivers/STM32G4xx_HAL_Driver/Src/stm32g4xx_hal_adc.o
                0x08004a24                ADC_Enable
 .text.ADC_Disable
                0x08004b50       0xbe ./Drivers/STM32G4xx_HAL_Driver/Src/stm32g4xx_hal_adc.o
                0x08004b50                ADC_Disable
 .text.LL_ADC_SetCommonPathInternalCh
                0x08004c0e       0x26 ./Drivers/STM32G4xx_HAL_Driver/Src/stm32g4xx_hal_adc_ex.o
 .text.LL_ADC_GetCommonPathInternalCh
                0x08004c34       0x1c ./Drivers/STM32G4xx_HAL_Driver/Src/stm32g4xx_hal_adc_ex.o
 .text.LL_ADC_SetOffset
                0x08004c50       0x48 ./Drivers/STM32G4xx_HAL_Driver/Src/stm32g4xx_hal_adc_ex.o
 .text.LL_ADC_GetOffsetChannel
                0x08004c98       0x2c ./Drivers/STM32G4xx_HAL_Driver/Src/stm32g4xx_hal_adc_ex.o
 .text.LL_ADC_SetOffsetState
                0x08004cc4       0x36 ./Drivers/STM32G4xx_HAL_Driver/Src/stm32g4xx_hal_adc_ex.o
 .text.LL_ADC_SetOffsetSign
                0x08004cfa       0x36 ./Drivers/STM32G4xx_HAL_Driver/Src/stm32g4xx_hal_adc_ex.o
 .text.LL_ADC_SetOffsetSaturation
                0x08004d30       0x36 ./Drivers/STM32G4xx_HAL_Driver/Src/stm32g4xx_hal_adc_ex.o
 .text.LL_ADC_SetSamplingTimeCommonConfig
                0x08004d66       0x26 ./Drivers/STM32G4xx_HAL_Driver/Src/stm32g4xx_hal_adc_ex.o
 .text.LL_ADC_INJ_GetTrigAuto
                0x08004d8c       0x1c ./Drivers/STM32G4xx_HAL_Driver/Src/stm32g4xx_hal_adc_ex.o
 .text.LL_ADC_SetChannelSamplingTime
                0x08004da8       0x56 ./Drivers/STM32G4xx_HAL_Driver/Src/stm32g4xx_hal_adc_ex.o
 *fill*         0x08004dfe        0x2 
 .text.LL_ADC_SetChannelSingleDiff
                0x08004e00       0x48 ./Drivers/STM32G4xx_HAL_Driver/Src/stm32g4xx_hal_adc_ex.o
 .text.LL_ADC_GetMultimode
                0x08004e48       0x1c ./Drivers/STM32G4xx_HAL_Driver/Src/stm32g4xx_hal_adc_ex.o
 .text.LL_ADC_IsEnabled
                0x08004e64       0x26 ./Drivers/STM32G4xx_HAL_Driver/Src/stm32g4xx_hal_adc_ex.o
 .text.LL_ADC_StartCalibration
                0x08004e8a       0x32 ./Drivers/STM32G4xx_HAL_Driver/Src/stm32g4xx_hal_adc_ex.o
 .text.LL_ADC_IsCalibrationOnGoing
                0x08004ebc       0x28 ./Drivers/STM32G4xx_HAL_Driver/Src/stm32g4xx_hal_adc_ex.o
 .text.LL_ADC_REG_IsConversionOngoing
                0x08004ee4       0x26 ./Drivers/STM32G4xx_HAL_Driver/Src/stm32g4xx_hal_adc_ex.o
 .text.LL_ADC_INJ_StartConversion
                0x08004f0a       0x28 ./Drivers/STM32G4xx_HAL_Driver/Src/stm32g4xx_hal_adc_ex.o
 .text.LL_ADC_INJ_IsConversionOngoing
                0x08004f32       0x26 ./Drivers/STM32G4xx_HAL_Driver/Src/stm32g4xx_hal_adc_ex.o
 .text.HAL_ADCEx_Calibration_Start
                0x08004f58       0xc4 ./Drivers/STM32G4xx_HAL_Driver/Src/stm32g4xx_hal_adc_ex.o
                0x08004f58                HAL_ADCEx_Calibration_Start
 .text.HAL_ADCEx_InjectedStart_IT
                0x0800501c      0x20c ./Drivers/STM32G4xx_HAL_Driver/Src/stm32g4xx_hal_adc_ex.o
                0x0800501c                HAL_ADCEx_InjectedStart_IT
 .text.HAL_ADCEx_InjectedQueueOverflowCallback
                0x08005228       0x14 ./Drivers/STM32G4xx_HAL_Driver/Src/stm32g4xx_hal_adc_ex.o
                0x08005228                HAL_ADCEx_InjectedQueueOverflowCallback
 .text.HAL_ADCEx_LevelOutOfWindow2Callback
                0x0800523c       0x14 ./Drivers/STM32G4xx_HAL_Driver/Src/stm32g4xx_hal_adc_ex.o
                0x0800523c                HAL_ADCEx_LevelOutOfWindow2Callback
 .text.HAL_ADCEx_LevelOutOfWindow3Callback
                0x08005250       0x14 ./Drivers/STM32G4xx_HAL_Driver/Src/stm32g4xx_hal_adc_ex.o
                0x08005250                HAL_ADCEx_LevelOutOfWindow3Callback
 .text.HAL_ADCEx_EndOfSamplingCallback
                0x08005264       0x14 ./Drivers/STM32G4xx_HAL_Driver/Src/stm32g4xx_hal_adc_ex.o
                0x08005264                HAL_ADCEx_EndOfSamplingCallback
 .text.HAL_ADCEx_InjectedConfigChannel
                0x08005278      0xa58 ./Drivers/STM32G4xx_HAL_Driver/Src/stm32g4xx_hal_adc_ex.o
                0x08005278                HAL_ADCEx_InjectedConfigChannel
 .text.HAL_ADCEx_MultiModeConfigChannel
                0x08005cd0      0x210 ./Drivers/STM32G4xx_HAL_Driver/Src/stm32g4xx_hal_adc_ex.o
                0x08005cd0                HAL_ADCEx_MultiModeConfigChannel
 .text.HAL_CORDIC_Init
                0x08005ee0       0x62 ./Drivers/STM32G4xx_HAL_Driver/Src/stm32g4xx_hal_cordic.o
                0x08005ee0                HAL_CORDIC_Init
 *fill*         0x08005f42        0x2 
 .text.__NVIC_SetPriorityGrouping
                0x08005f44       0x48 ./Drivers/STM32G4xx_HAL_Driver/Src/stm32g4xx_hal_cortex.o
 .text.__NVIC_GetPriorityGrouping
                0x08005f8c       0x1c ./Drivers/STM32G4xx_HAL_Driver/Src/stm32g4xx_hal_cortex.o
 .text.__NVIC_EnableIRQ
                0x08005fa8       0x3c ./Drivers/STM32G4xx_HAL_Driver/Src/stm32g4xx_hal_cortex.o
 .text.__NVIC_SetPriority
                0x08005fe4       0x54 ./Drivers/STM32G4xx_HAL_Driver/Src/stm32g4xx_hal_cortex.o
 .text.NVIC_EncodePriority
                0x08006038       0x66 ./Drivers/STM32G4xx_HAL_Driver/Src/stm32g4xx_hal_cortex.o
 *fill*         0x0800609e        0x2 
 .text.SysTick_Config
                0x080060a0       0x44 ./Drivers/STM32G4xx_HAL_Driver/Src/stm32g4xx_hal_cortex.o
 .text.HAL_NVIC_SetPriorityGrouping
                0x080060e4       0x16 ./Drivers/STM32G4xx_HAL_Driver/Src/stm32g4xx_hal_cortex.o
                0x080060e4                HAL_NVIC_SetPriorityGrouping
 .text.HAL_NVIC_SetPriority
                0x080060fa       0x34 ./Drivers/STM32G4xx_HAL_Driver/Src/stm32g4xx_hal_cortex.o
                0x080060fa                HAL_NVIC_SetPriority
 .text.HAL_NVIC_EnableIRQ
                0x0800612e       0x1c ./Drivers/STM32G4xx_HAL_Driver/Src/stm32g4xx_hal_cortex.o
                0x0800612e                HAL_NVIC_EnableIRQ
 .text.HAL_SYSTICK_Config
                0x0800614a       0x18 ./Drivers/STM32G4xx_HAL_Driver/Src/stm32g4xx_hal_cortex.o
                0x0800614a                HAL_SYSTICK_Config
 *fill*         0x08006162        0x2 
 .text.HAL_DMA_Init
                0x08006164      0x150 ./Drivers/STM32G4xx_HAL_Driver/Src/stm32g4xx_hal_dma.o
                0x08006164                HAL_DMA_Init
 .text.HAL_DMA_Start_IT
                0x080062b4       0xf6 ./Drivers/STM32G4xx_HAL_Driver/Src/stm32g4xx_hal_dma.o
                0x080062b4                HAL_DMA_Start_IT
 .text.HAL_DMA_Abort_IT
                0x080063aa       0xce ./Drivers/STM32G4xx_HAL_Driver/Src/stm32g4xx_hal_dma.o
                0x080063aa                HAL_DMA_Abort_IT
 .text.HAL_DMA_IRQHandler
                0x08006478      0x15e ./Drivers/STM32G4xx_HAL_Driver/Src/stm32g4xx_hal_dma.o
                0x08006478                HAL_DMA_IRQHandler
 .text.HAL_DMA_GetState
                0x080065d6       0x1c ./Drivers/STM32G4xx_HAL_Driver/Src/stm32g4xx_hal_dma.o
                0x080065d6                HAL_DMA_GetState
 .text.DMA_SetConfig
                0x080065f2       0x7c ./Drivers/STM32G4xx_HAL_Driver/Src/stm32g4xx_hal_dma.o
 *fill*         0x0800666e        0x2 
 .text.DMA_CalcDMAMUXChannelBaseAndMask
                0x08006670       0x7c ./Drivers/STM32G4xx_HAL_Driver/Src/stm32g4xx_hal_dma.o
 .text.DMA_CalcDMAMUXRequestGenBaseAndMask
                0x080066ec       0x48 ./Drivers/STM32G4xx_HAL_Driver/Src/stm32g4xx_hal_dma.o
 .text.HAL_FDCAN_Init
                0x08006734      0x2b4 ./Drivers/STM32G4xx_HAL_Driver/Src/stm32g4xx_hal_fdcan.o
                0x08006734                HAL_FDCAN_Init
 .text.HAL_FDCAN_ConfigFilter
                0x080069e8       0xb4 ./Drivers/STM32G4xx_HAL_Driver/Src/stm32g4xx_hal_fdcan.o
                0x080069e8                HAL_FDCAN_ConfigFilter
 .text.HAL_FDCAN_Start
                0x08006a9c       0x50 ./Drivers/STM32G4xx_HAL_Driver/Src/stm32g4xx_hal_fdcan.o
                0x08006a9c                HAL_FDCAN_Start
 .text.HAL_FDCAN_AddMessageToTxFifoQ
                0x08006aec       0x88 ./Drivers/STM32G4xx_HAL_Driver/Src/stm32g4xx_hal_fdcan.o
                0x08006aec                HAL_FDCAN_AddMessageToTxFifoQ
 .text.HAL_FDCAN_GetRxMessage
                0x08006b74      0x210 ./Drivers/STM32G4xx_HAL_Driver/Src/stm32g4xx_hal_fdcan.o
                0x08006b74                HAL_FDCAN_GetRxMessage
 .text.HAL_FDCAN_ActivateNotification
                0x08006d84      0x1cc ./Drivers/STM32G4xx_HAL_Driver/Src/stm32g4xx_hal_fdcan.o
                0x08006d84                HAL_FDCAN_ActivateNotification
 .text.HAL_FDCAN_IRQHandler
                0x08006f50      0x24a ./Drivers/STM32G4xx_HAL_Driver/Src/stm32g4xx_hal_fdcan.o
                0x08006f50                HAL_FDCAN_IRQHandler
 .text.HAL_FDCAN_TxEventFifoCallback
                0x0800719a       0x16 ./Drivers/STM32G4xx_HAL_Driver/Src/stm32g4xx_hal_fdcan.o
                0x0800719a                HAL_FDCAN_TxEventFifoCallback
 .text.HAL_FDCAN_RxFifo1Callback
                0x080071b0       0x16 ./Drivers/STM32G4xx_HAL_Driver/Src/stm32g4xx_hal_fdcan.o
                0x080071b0                HAL_FDCAN_RxFifo1Callback
 .text.HAL_FDCAN_TxFifoEmptyCallback
                0x080071c6       0x14 ./Drivers/STM32G4xx_HAL_Driver/Src/stm32g4xx_hal_fdcan.o
                0x080071c6                HAL_FDCAN_TxFifoEmptyCallback
 .text.HAL_FDCAN_TxBufferCompleteCallback
                0x080071da       0x16 ./Drivers/STM32G4xx_HAL_Driver/Src/stm32g4xx_hal_fdcan.o
                0x080071da                HAL_FDCAN_TxBufferCompleteCallback
 .text.HAL_FDCAN_TxBufferAbortCallback
                0x080071f0       0x16 ./Drivers/STM32G4xx_HAL_Driver/Src/stm32g4xx_hal_fdcan.o
                0x080071f0                HAL_FDCAN_TxBufferAbortCallback
 .text.HAL_FDCAN_TimestampWraparoundCallback
                0x08007206       0x14 ./Drivers/STM32G4xx_HAL_Driver/Src/stm32g4xx_hal_fdcan.o
                0x08007206                HAL_FDCAN_TimestampWraparoundCallback
 .text.HAL_FDCAN_TimeoutOccurredCallback
                0x0800721a       0x14 ./Drivers/STM32G4xx_HAL_Driver/Src/stm32g4xx_hal_fdcan.o
                0x0800721a                HAL_FDCAN_TimeoutOccurredCallback
 .text.HAL_FDCAN_HighPriorityMessageCallback
                0x0800722e       0x14 ./Drivers/STM32G4xx_HAL_Driver/Src/stm32g4xx_hal_fdcan.o
                0x0800722e                HAL_FDCAN_HighPriorityMessageCallback
 .text.HAL_FDCAN_ErrorCallback
                0x08007242       0x14 ./Drivers/STM32G4xx_HAL_Driver/Src/stm32g4xx_hal_fdcan.o
                0x08007242                HAL_FDCAN_ErrorCallback
 .text.HAL_FDCAN_ErrorStatusCallback
                0x08007256       0x16 ./Drivers/STM32G4xx_HAL_Driver/Src/stm32g4xx_hal_fdcan.o
                0x08007256                HAL_FDCAN_ErrorStatusCallback
 .text.FDCAN_CalcultateRamBlockAddresses
                0x0800726c       0xd8 ./Drivers/STM32G4xx_HAL_Driver/Src/stm32g4xx_hal_fdcan.o
 .text.FDCAN_CopyMessageToRAM
                0x08007344       0xf8 ./Drivers/STM32G4xx_HAL_Driver/Src/stm32g4xx_hal_fdcan.o
 .text.HAL_GPIO_Init
                0x0800743c      0x304 ./Drivers/STM32G4xx_HAL_Driver/Src/stm32g4xx_hal_gpio.o
                0x0800743c                HAL_GPIO_Init
 .text.HAL_GPIO_WritePin
                0x08007740       0x30 ./Drivers/STM32G4xx_HAL_Driver/Src/stm32g4xx_hal_gpio.o
                0x08007740                HAL_GPIO_WritePin
 .text.HAL_GPIO_EXTI_IRQHandler
                0x08007770       0x30 ./Drivers/STM32G4xx_HAL_Driver/Src/stm32g4xx_hal_gpio.o
                0x08007770                HAL_GPIO_EXTI_IRQHandler
 .text.HAL_GPIO_EXTI_Callback
                0x080077a0       0x16 ./Drivers/STM32G4xx_HAL_Driver/Src/stm32g4xx_hal_gpio.o
                0x080077a0                HAL_GPIO_EXTI_Callback
 .text.HAL_I2C_Init
                0x080077b6      0x136 ./Drivers/STM32G4xx_HAL_Driver/Src/stm32g4xx_hal_i2c.o
                0x080077b6                HAL_I2C_Init
 .text.HAL_I2C_Master_Transmit_DMA
                0x080078ec      0x228 ./Drivers/STM32G4xx_HAL_Driver/Src/stm32g4xx_hal_i2c.o
                0x080078ec                HAL_I2C_Master_Transmit_DMA
 .text.HAL_I2C_Master_Receive_DMA
                0x08007b14      0x1e0 ./Drivers/STM32G4xx_HAL_Driver/Src/stm32g4xx_hal_i2c.o
                0x08007b14                HAL_I2C_Master_Receive_DMA
 .text.HAL_I2C_EV_IRQHandler
                0x08007cf4       0x34 ./Drivers/STM32G4xx_HAL_Driver/Src/stm32g4xx_hal_i2c.o
                0x08007cf4                HAL_I2C_EV_IRQHandler
 .text.HAL_I2C_ER_IRQHandler
                0x08007d28       0xb6 ./Drivers/STM32G4xx_HAL_Driver/Src/stm32g4xx_hal_i2c.o
                0x08007d28                HAL_I2C_ER_IRQHandler
 .text.HAL_I2C_SlaveTxCpltCallback
                0x08007dde       0x14 ./Drivers/STM32G4xx_HAL_Driver/Src/stm32g4xx_hal_i2c.o
                0x08007dde                HAL_I2C_SlaveTxCpltCallback
 .text.HAL_I2C_SlaveRxCpltCallback
                0x08007df2       0x14 ./Drivers/STM32G4xx_HAL_Driver/Src/stm32g4xx_hal_i2c.o
                0x08007df2                HAL_I2C_SlaveRxCpltCallback
 .text.HAL_I2C_AddrCallback
                0x08007e06       0x1c ./Drivers/STM32G4xx_HAL_Driver/Src/stm32g4xx_hal_i2c.o
                0x08007e06                HAL_I2C_AddrCallback
 .text.HAL_I2C_ListenCpltCallback
                0x08007e22       0x14 ./Drivers/STM32G4xx_HAL_Driver/Src/stm32g4xx_hal_i2c.o
                0x08007e22                HAL_I2C_ListenCpltCallback
 .text.HAL_I2C_MemTxCpltCallback
                0x08007e36       0x14 ./Drivers/STM32G4xx_HAL_Driver/Src/stm32g4xx_hal_i2c.o
                0x08007e36                HAL_I2C_MemTxCpltCallback
 .text.HAL_I2C_MemRxCpltCallback
                0x08007e4a       0x14 ./Drivers/STM32G4xx_HAL_Driver/Src/stm32g4xx_hal_i2c.o
                0x08007e4a                HAL_I2C_MemRxCpltCallback
 .text.HAL_I2C_ErrorCallback
                0x08007e5e       0x14 ./Drivers/STM32G4xx_HAL_Driver/Src/stm32g4xx_hal_i2c.o
                0x08007e5e                HAL_I2C_ErrorCallback
 .text.HAL_I2C_AbortCpltCallback
                0x08007e72       0x14 ./Drivers/STM32G4xx_HAL_Driver/Src/stm32g4xx_hal_i2c.o
                0x08007e72                HAL_I2C_AbortCpltCallback
 .text.I2C_Master_ISR_IT
                0x08007e86      0x24e ./Drivers/STM32G4xx_HAL_Driver/Src/stm32g4xx_hal_i2c.o
 .text.I2C_Slave_ISR_IT
                0x080080d4      0x1f2 ./Drivers/STM32G4xx_HAL_Driver/Src/stm32g4xx_hal_i2c.o
 .text.I2C_Master_ISR_DMA
                0x080082c6      0x1d6 ./Drivers/STM32G4xx_HAL_Driver/Src/stm32g4xx_hal_i2c.o
 .text.I2C_Mem_ISR_DMA
                0x0800849c      0x24c ./Drivers/STM32G4xx_HAL_Driver/Src/stm32g4xx_hal_i2c.o
 .text.I2C_Slave_ISR_DMA
                0x080086e8      0x1ae ./Drivers/STM32G4xx_HAL_Driver/Src/stm32g4xx_hal_i2c.o
 .text.I2C_ITAddrCplt
                0x08008896      0x108 ./Drivers/STM32G4xx_HAL_Driver/Src/stm32g4xx_hal_i2c.o
 .text.I2C_ITMasterSeqCplt
                0x0800899e       0x7a ./Drivers/STM32G4xx_HAL_Driver/Src/stm32g4xx_hal_i2c.o
 .text.I2C_ITSlaveSeqCplt
                0x08008a18       0xb8 ./Drivers/STM32G4xx_HAL_Driver/Src/stm32g4xx_hal_i2c.o
 .text.I2C_ITMasterCplt
                0x08008ad0      0x190 ./Drivers/STM32G4xx_HAL_Driver/Src/stm32g4xx_hal_i2c.o
 .text.I2C_ITSlaveCplt
                0x08008c60      0x2c8 ./Drivers/STM32G4xx_HAL_Driver/Src/stm32g4xx_hal_i2c.o
 .text.I2C_ITListenCplt
                0x08008f28       0xa8 ./Drivers/STM32G4xx_HAL_Driver/Src/stm32g4xx_hal_i2c.o
 .text.I2C_ITError
                0x08008fd0      0x1e0 ./Drivers/STM32G4xx_HAL_Driver/Src/stm32g4xx_hal_i2c.o
 .text.I2C_TreatErrorCallback
                0x080091b0       0x4e ./Drivers/STM32G4xx_HAL_Driver/Src/stm32g4xx_hal_i2c.o
 .text.I2C_Flush_TXDR
                0x080091fe       0x48 ./Drivers/STM32G4xx_HAL_Driver/Src/stm32g4xx_hal_i2c.o
 .text.I2C_DMAMasterTransmitCplt
                0x08009246       0x96 ./Drivers/STM32G4xx_HAL_Driver/Src/stm32g4xx_hal_i2c.o
 .text.I2C_DMAMasterReceiveCplt
                0x080092dc       0x96 ./Drivers/STM32G4xx_HAL_Driver/Src/stm32g4xx_hal_i2c.o
 .text.I2C_DMAError
                0x08009372       0x2e ./Drivers/STM32G4xx_HAL_Driver/Src/stm32g4xx_hal_i2c.o
 .text.I2C_DMAAbort
                0x080093a0       0x3c ./Drivers/STM32G4xx_HAL_Driver/Src/stm32g4xx_hal_i2c.o
 .text.I2C_TransferConfig
                0x080093dc       0x64 ./Drivers/STM32G4xx_HAL_Driver/Src/stm32g4xx_hal_i2c.o
 .text.I2C_Enable_IRQ
                0x08009440      0x108 ./Drivers/STM32G4xx_HAL_Driver/Src/stm32g4xx_hal_i2c.o
 .text.I2C_Disable_IRQ
                0x08009548       0xbc ./Drivers/STM32G4xx_HAL_Driver/Src/stm32g4xx_hal_i2c.o
 .text.HAL_I2CEx_ConfigAnalogFilter
                0x08009604       0x96 ./Drivers/STM32G4xx_HAL_Driver/Src/stm32g4xx_hal_i2c_ex.o
                0x08009604                HAL_I2CEx_ConfigAnalogFilter
 .text.HAL_I2CEx_ConfigDigitalFilter
                0x0800969a       0x98 ./Drivers/STM32G4xx_HAL_Driver/Src/stm32g4xx_hal_i2c_ex.o
                0x0800969a                HAL_I2CEx_ConfigDigitalFilter
 *fill*         0x08009732        0x2 
 .text.HAL_I2CEx_EnableFastModePlus
                0x08009734       0x40 ./Drivers/STM32G4xx_HAL_Driver/Src/stm32g4xx_hal_i2c_ex.o
                0x08009734                HAL_I2CEx_EnableFastModePlus
 .text.HAL_PWREx_ControlVoltageScaling
                0x08009774      0x148 ./Drivers/STM32G4xx_HAL_Driver/Src/stm32g4xx_hal_pwr_ex.o
                0x08009774                HAL_PWREx_ControlVoltageScaling
 .text.HAL_PWREx_DisableUCPDDeadBattery
                0x080098bc       0x20 ./Drivers/STM32G4xx_HAL_Driver/Src/stm32g4xx_hal_pwr_ex.o
                0x080098bc                HAL_PWREx_DisableUCPDDeadBattery
 .text.HAL_RCC_OscConfig
                0x080098dc      0x624 ./Drivers/STM32G4xx_HAL_Driver/Src/stm32g4xx_hal_rcc.o
                0x080098dc                HAL_RCC_OscConfig
 .text.HAL_RCC_ClockConfig
                0x08009f00      0x278 ./Drivers/STM32G4xx_HAL_Driver/Src/stm32g4xx_hal_rcc.o
                0x08009f00                HAL_RCC_ClockConfig
 .text.HAL_RCC_GetSysClockFreq
                0x0800a178       0xc4 ./Drivers/STM32G4xx_HAL_Driver/Src/stm32g4xx_hal_rcc.o
                0x0800a178                HAL_RCC_GetSysClockFreq
 .text.RCC_GetSysClockFreqFromPLLSource