../Core/Src/can_communication.cpp:39:1:CanCom::CanCom(FDCAN_HandleTypeDef&)	16	static
../Core/Src/can_communication.cpp:43:6:void CanCom::initTxHeader(bool, bool)	0	static
../Core/Src/can_communication.cpp:55:6:void CanCom::initFilter()	56	static
../Core/Src/can_communication.cpp:76:6:static void CanCom::floatTouint(float, uint8_t (&)[4])	8	static
../Core/Src/can_communication.cpp:89:6:void CanCom::txMsgListFd(uint8_t (&)[32])	40	static
../Core/Src/can_communication.cpp:157:6:void CanCom::txMsgList(const uint8_t*)	0	static
../Core/Src/can_communication.cpp:161:6:void CanCom::rxFifo0Callback(uint32_t)	56	static
../Core/Src/can_communication.cpp:214:6:void CanCom::TEST_rxTask()	0	static
../Core/Src/can_communication.cpp:251:6:void CanCom::txTask()	8	static
../Core/Src/can_communication.cpp:262:6:void CanCom::txServoOffTask()	0	static
../Core/Src/can_communication.cpp:267:7:float CanCom::uintTofloat(const uint8_t*)	0	static
../Core/Src/can_communication.cpp:278:6:void CanCom::rxMsglistFd(const uint8_t (&)[32])	8	static
../Core/Src/can_communication.cpp:197:6:void CanCom::rxTask()	8	static
../Core/Src/can_communication.cpp:321:6:void CanCom::rxMsglist(const uint8_t (&)[8])	8	static
../Core/Src/can_communication.cpp:354:6:void HAL_FDCAN_RxFifo0Callback(FDCAN_HandleTypeDef*, uint32_t)	0	static
../Core/Src/can_communication.cpp:356:1:cpp)	0	static
../Core/Src/can_communication.cpp:356:1:cpp)	0	static
