../Core/Src/out_pwm.cpp:13:1:OutPwm::OutPwm()	0	static
../Core/Src/out_pwm.cpp:19:6:void OutPwm::Poff()	0	static
../Core/Src/out_pwm.cpp:34:6:void OutPwm::TEST_setReg(float, float, float)	0	static
../Core/Src/out_pwm.cpp:41:6:void OutPwm::TESTSINGLE_setReg(uint8_t)	0	static
../Core/Src/out_pwm.cpp:64:7:float OutPwm::dutyGuard(float)	0	static
../Core/Src/out_pwm.cpp:91:6:void OutPwm::midVol(float, float, float)	0	static
../Core/Src/out_pwm.cpp:26:6:void OutPwm::setReg(float, float, float)	8	static
../Core/Src/out_pwm.cpp:15:6:void OutPwm::Pon()	0	static
../Core/Src/out_pwm.cpp:104:1:cpp)	0	static
