../Core/Inc/bldc_ctrl.h:128:8:void BldcCtrl::resetData()	16	static
../Core/Src/user_task.cpp:30:1:UserTask::UserTask()	0	static
../Core/Src/user_task.cpp:191:6:void UserTask::idleTask()	8	static
../Core/Src/user_task.cpp:206:6:void UserTask::motorControl()	48	static
../Core/Src/user_task.cpp:34:6:void UserTask::cyclicTask()	24	static
../Core/Src/user_task.cpp:256:6:bool UserTask::servoCheck()	0	static
../Core/Src/user_task.cpp:261:6:void UserTask::canDataPrepare()	0	static
../Core/Src/user_task.cpp:273:6:void UserTask::resetAll()	8	static
../Core/Src/user_task.cpp:277:6:void HAL_ADCEx_InjectedConvCpltCallback(ADC_HandleTypeDef*)	0	static
../Core/Src/user_task.cpp:281:1:cpp)	0	static
