../Drivers/STM32G4xx_HAL_Driver/Inc/stm32g4xx_ll_cordic.h:300:22:void LL_CORDIC_Config(CORDIC_TypeDef*, uint32_t, uint32_t, uint32_t, uint32_t, uint32_t, uint32_t, uint32_t)	24	static
../Core/Inc/user_math.h:34:3:Acrocantho::Cordic::Cordic()	40	static
C:\ST\STM32CubeIDE_1.17.0\STM32CubeIDE\plugins\com.st.stm32cube.ide.mcu.externaltools.gnu-tools-for-stm32.12.3.rel1.win32_1.1.0.202410251130\tools\arm-none-eabi\include\c++\12.3.1\arm-none-eabi\thumb\v7e-m+fp\hard\bits\gthr-default.h:229:1:int __gthread_key_delete(__gthread_key_t)	16	static
../Core/Src/main.cpp:88:5:int main()	40	static
../Core/Src/main.cpp:188:6:void SystemClock_Config()	88	static
../Core/Src/main.cpp:235:13:void MX_ADC1_Init()	80	static
../Core/Src/main.cpp:310:13:void MX_ADC2_Init()	72	static
../Core/Src/main.cpp:390:13:void MX_CORDIC_Init()	8	static
../Core/Src/main.cpp:416:13:void MX_FDCAN1_Init()	8	static
../Core/Src/main.cpp:459:13:void MX_I2C1_Init()	8	static
../Core/Src/main.cpp:511:13:void MX_TIM1_Init()	104	static
../Core/Src/main.cpp:590:13:void MX_DMA_Init()	16	static
../Core/Src/main.cpp:612:13:void MX_GPIO_Init()	48	static
../Core/Src/main.cpp:674:6:void Error_Handler()	4	static,ignoring_inline_asm
../Core/Inc/ang.h:14:7:Ang::~Ang()	16	static
../Core/Inc/can_communication.h:7:7:CanCom::~CanCom()	16	static
../Core/Src/main.cpp:683:1:void __static_initialization_and_destruction_0(int, int)	16	static
C:\ST\STM32CubeIDE_1.17.0\STM32CubeIDE\plugins\com.st.stm32cube.ide.mcu.externaltools.gnu-tools-for-stm32.12.3.rel1.win32_1.1.0.202410251130\tools\bin/../lib/gcc/arm-none-eabi/12.3.1/../../../../arm-none-eabi/include/c++/12.3.1/bits/unique_ptr.h:390:7:std::unique_ptr<_Tp, _Dp>::~unique_ptr() [with _Tp = Ang::AngData; _Dp = std::default_delete<Ang::AngData>]	32	static
C:\ST\STM32CubeIDE_1.17.0\STM32CubeIDE\plugins\com.st.stm32cube.ide.mcu.externaltools.gnu-tools-for-stm32.12.3.rel1.win32_1.1.0.202410251130\tools\bin/../lib/gcc/arm-none-eabi/12.3.1/../../../../arm-none-eabi/include/c++/12.3.1/bits/unique_ptr.h:390:7:std::unique_ptr<_Tp, _Dp>::~unique_ptr() [with _Tp = CanCom::CanData; _Dp = std::default_delete<CanCom::CanData>]	32	static
C:\ST\STM32CubeIDE_1.17.0\STM32CubeIDE\plugins\com.st.stm32cube.ide.mcu.externaltools.gnu-tools-for-stm32.12.3.rel1.win32_1.1.0.202410251130\tools\bin/../lib/gcc/arm-none-eabi/12.3.1/../../../../arm-none-eabi/include/c++/12.3.1/bits/unique_ptr.h:189:18:std::__uniq_ptr_impl<_Tp, _Dp>::pointer& std::__uniq_ptr_impl<_Tp, _Dp>::_M_ptr() [with _Tp = Ang::AngData; _Dp = std::default_delete<Ang::AngData>]	16	static
C:\ST\STM32CubeIDE_1.17.0\STM32CubeIDE\plugins\com.st.stm32cube.ide.mcu.externaltools.gnu-tools-for-stm32.12.3.rel1.win32_1.1.0.202410251130\tools\bin/../lib/gcc/arm-none-eabi/12.3.1/../../../../arm-none-eabi/include/c++/12.3.1/bits/unique_ptr.h:467:7:std::unique_ptr<_Tp, _Dp>::deleter_type& std::unique_ptr<_Tp, _Dp>::get_deleter() [with _Tp = Ang::AngData; _Dp = std::default_delete<Ang::AngData>]	16	static
C:\ST\STM32CubeIDE_1.17.0\STM32CubeIDE\plugins\com.st.stm32cube.ide.mcu.externaltools.gnu-tools-for-stm32.12.3.rel1.win32_1.1.0.202410251130\tools\bin/../lib/gcc/arm-none-eabi/12.3.1/../../../../arm-none-eabi/include/c++/12.3.1/bits/move.h:104:5:constexpr typename std::remove_reference<_Tp>::type&& std::move(_Tp&&) [with _Tp = Ang::AngData*&]	16	static
C:\ST\STM32CubeIDE_1.17.0\STM32CubeIDE\plugins\com.st.stm32cube.ide.mcu.externaltools.gnu-tools-for-stm32.12.3.rel1.win32_1.1.0.202410251130\tools\bin/../lib/gcc/arm-none-eabi/12.3.1/../../../../arm-none-eabi/include/c++/12.3.1/bits/unique_ptr.h:89:7:void std::default_delete<_Tp>::operator()(_Tp*) const [with _Tp = Ang::AngData]	16	static
C:\ST\STM32CubeIDE_1.17.0\STM32CubeIDE\plugins\com.st.stm32cube.ide.mcu.externaltools.gnu-tools-for-stm32.12.3.rel1.win32_1.1.0.202410251130\tools\bin/../lib/gcc/arm-none-eabi/12.3.1/../../../../arm-none-eabi/include/c++/12.3.1/bits/unique_ptr.h:189:18:std::__uniq_ptr_impl<_Tp, _Dp>::pointer& std::__uniq_ptr_impl<_Tp, _Dp>::_M_ptr() [with _Tp = CanCom::CanData; _Dp = std::default_delete<CanCom::CanData>]	16	static
C:\ST\STM32CubeIDE_1.17.0\STM32CubeIDE\plugins\com.st.stm32cube.ide.mcu.externaltools.gnu-tools-for-stm32.12.3.rel1.win32_1.1.0.202410251130\tools\bin/../lib/gcc/arm-none-eabi/12.3.1/../../../../arm-none-eabi/include/c++/12.3.1/bits/unique_ptr.h:467:7:std::unique_ptr<_Tp, _Dp>::deleter_type& std::unique_ptr<_Tp, _Dp>::get_deleter() [with _Tp = CanCom::CanData; _Dp = std::default_delete<CanCom::CanData>]	16	static
C:\ST\STM32CubeIDE_1.17.0\STM32CubeIDE\plugins\com.st.stm32cube.ide.mcu.externaltools.gnu-tools-for-stm32.12.3.rel1.win32_1.1.0.202410251130\tools\bin/../lib/gcc/arm-none-eabi/12.3.1/../../../../arm-none-eabi/include/c++/12.3.1/bits/move.h:104:5:constexpr typename std::remove_reference<_Tp>::type&& std::move(_Tp&&) [with _Tp = CanCom::CanData*&]	16	static
C:\ST\STM32CubeIDE_1.17.0\STM32CubeIDE\plugins\com.st.stm32cube.ide.mcu.externaltools.gnu-tools-for-stm32.12.3.rel1.win32_1.1.0.202410251130\tools\bin/../lib/gcc/arm-none-eabi/12.3.1/../../../../arm-none-eabi/include/c++/12.3.1/bits/unique_ptr.h:89:7:void std::default_delete<_Tp>::operator()(_Tp*) const [with _Tp = CanCom::CanData]	16	static
C:\ST\STM32CubeIDE_1.17.0\STM32CubeIDE\plugins\com.st.stm32cube.ide.mcu.externaltools.gnu-tools-for-stm32.12.3.rel1.win32_1.1.0.202410251130\tools\bin/../lib/gcc/arm-none-eabi/12.3.1/../../../../arm-none-eabi/include/c++/12.3.1/tuple:1380:5:>&) [with unsigned int __i = 0; _Elements = {Ang::AngData*, default_delete<Ang::AngData>}]	16	static
C:\ST\STM32CubeIDE_1.17.0\STM32CubeIDE\plugins\com.st.stm32cube.ide.mcu.externaltools.gnu-tools-for-stm32.12.3.rel1.win32_1.1.0.202410251130\tools\bin/../lib/gcc/arm-none-eabi/12.3.1/../../../../arm-none-eabi/include/c++/12.3.1/bits/unique_ptr.h:193:18:_Dp& std::__uniq_ptr_impl<_Tp, _Dp>::_M_deleter() [with _Tp = Ang::AngData; _Dp = std::default_delete<Ang::AngData>]	16	static
C:\ST\STM32CubeIDE_1.17.0\STM32CubeIDE\plugins\com.st.stm32cube.ide.mcu.externaltools.gnu-tools-for-stm32.12.3.rel1.win32_1.1.0.202410251130\tools\bin/../lib/gcc/arm-none-eabi/12.3.1/../../../../arm-none-eabi/include/c++/12.3.1/tuple:1380:5:>&) [with unsigned int __i = 0; _Elements = {CanCom::CanData*, default_delete<CanCom::CanData>}]	16	static
C:\ST\STM32CubeIDE_1.17.0\STM32CubeIDE\plugins\com.st.stm32cube.ide.mcu.externaltools.gnu-tools-for-stm32.12.3.rel1.win32_1.1.0.202410251130\tools\bin/../lib/gcc/arm-none-eabi/12.3.1/../../../../arm-none-eabi/include/c++/12.3.1/bits/unique_ptr.h:193:18:_Dp& std::__uniq_ptr_impl<_Tp, _Dp>::_M_deleter() [with _Tp = CanCom::CanData; _Dp = std::default_delete<CanCom::CanData>]	16	static
C:\ST\STM32CubeIDE_1.17.0\STM32CubeIDE\plugins\com.st.stm32cube.ide.mcu.externaltools.gnu-tools-for-stm32.12.3.rel1.win32_1.1.0.202410251130\tools\bin/../lib/gcc/arm-none-eabi/12.3.1/../../../../arm-none-eabi/include/c++/12.3.1/tuple:1364:5:>&) [with unsigned int __i = 0; _Head = Ang::AngData*; _Tail = {default_delete<Ang::AngData>}]	16	static
C:\ST\STM32CubeIDE_1.17.0\STM32CubeIDE\plugins\com.st.stm32cube.ide.mcu.externaltools.gnu-tools-for-stm32.12.3.rel1.win32_1.1.0.202410251130\tools\bin/../lib/gcc/arm-none-eabi/12.3.1/../../../../arm-none-eabi/include/c++/12.3.1/tuple:1380:5:>&) [with unsigned int __i = 1; _Elements = {Ang::AngData*, default_delete<Ang::AngData>}]	16	static
C:\ST\STM32CubeIDE_1.17.0\STM32CubeIDE\plugins\com.st.stm32cube.ide.mcu.externaltools.gnu-tools-for-stm32.12.3.rel1.win32_1.1.0.202410251130\tools\bin/../lib/gcc/arm-none-eabi/12.3.1/../../../../arm-none-eabi/include/c++/12.3.1/tuple:1364:5:>&) [with unsigned int __i = 0; _Head = CanCom::CanData*; _Tail = {default_delete<CanCom::CanData>}]	16	static
C:\ST\STM32CubeIDE_1.17.0\STM32CubeIDE\plugins\com.st.stm32cube.ide.mcu.externaltools.gnu-tools-for-stm32.12.3.rel1.win32_1.1.0.202410251130\tools\bin/../lib/gcc/arm-none-eabi/12.3.1/../../../../arm-none-eabi/include/c++/12.3.1/tuple:1380:5:>&) [with unsigned int __i = 1; _Elements = {CanCom::CanData*, default_delete<CanCom::CanData>}]	16	static
C:\ST\STM32CubeIDE_1.17.0\STM32CubeIDE\plugins\com.st.stm32cube.ide.mcu.externaltools.gnu-tools-for-stm32.12.3.rel1.win32_1.1.0.202410251130\tools\bin/../lib/gcc/arm-none-eabi/12.3.1/../../../../arm-none-eabi/include/c++/12.3.1/tuple:268:7:>&) [with unsigned int _Idx = 0; _Head = Ang::AngData*; _Tail = {std::default_delete<Ang::AngData>}]	16	static
C:\ST\STM32CubeIDE_1.17.0\STM32CubeIDE\plugins\com.st.stm32cube.ide.mcu.externaltools.gnu-tools-for-stm32.12.3.rel1.win32_1.1.0.202410251130\tools\bin/../lib/gcc/arm-none-eabi/12.3.1/../../../../arm-none-eabi/include/c++/12.3.1/tuple:1364:5:>&) [with unsigned int __i = 1; _Head = default_delete<Ang::AngData>; _Tail = {}]	16	static
C:\ST\STM32CubeIDE_1.17.0\STM32CubeIDE\plugins\com.st.stm32cube.ide.mcu.externaltools.gnu-tools-for-stm32.12.3.rel1.win32_1.1.0.202410251130\tools\bin/../lib/gcc/arm-none-eabi/12.3.1/../../../../arm-none-eabi/include/c++/12.3.1/tuple:268:7:>&) [with unsigned int _Idx = 0; _Head = CanCom::CanData*; _Tail = {std::default_delete<CanCom::CanData>}]	16	static
C:\ST\STM32CubeIDE_1.17.0\STM32CubeIDE\plugins\com.st.stm32cube.ide.mcu.externaltools.gnu-tools-for-stm32.12.3.rel1.win32_1.1.0.202410251130\tools\bin/../lib/gcc/arm-none-eabi/12.3.1/../../../../arm-none-eabi/include/c++/12.3.1/tuple:1364:5:>&) [with unsigned int __i = 1; _Head = default_delete<CanCom::CanData>; _Tail = {}]	16	static
C:\ST\STM32CubeIDE_1.17.0\STM32CubeIDE\plugins\com.st.stm32cube.ide.mcu.externaltools.gnu-tools-for-stm32.12.3.rel1.win32_1.1.0.202410251130\tools\bin/../lib/gcc/arm-none-eabi/12.3.1/../../../../arm-none-eabi/include/c++/12.3.1/tuple:233:7:static constexpr _Head& std::_Head_base<_Idx, _Head, false>::_M_head(std::_Head_base<_Idx, _Head, false>&) [with unsigned int _Idx = 0; _Head = Ang::AngData*]	16	static
C:\ST\STM32CubeIDE_1.17.0\STM32CubeIDE\plugins\com.st.stm32cube.ide.mcu.externaltools.gnu-tools-for-stm32.12.3.rel1.win32_1.1.0.202410251130\tools\bin/../lib/gcc/arm-none-eabi/12.3.1/../../../../arm-none-eabi/include/c++/12.3.1/tuple:424:7:static constexpr _Head& std::_Tuple_impl<_Idx, _Head>::_M_head(std::_Tuple_impl<_Idx, _Head>&) [with unsigned int _Idx = 1; _Head = std::default_delete<Ang::AngData>]	16	static
C:\ST\STM32CubeIDE_1.17.0\STM32CubeIDE\plugins\com.st.stm32cube.ide.mcu.externaltools.gnu-tools-for-stm32.12.3.rel1.win32_1.1.0.202410251130\tools\bin/../lib/gcc/arm-none-eabi/12.3.1/../../../../arm-none-eabi/include/c++/12.3.1/tuple:233:7:static constexpr _Head& std::_Head_base<_Idx, _Head, false>::_M_head(std::_Head_base<_Idx, _Head, false>&) [with unsigned int _Idx = 0; _Head = CanCom::CanData*]	16	static
C:\ST\STM32CubeIDE_1.17.0\STM32CubeIDE\plugins\com.st.stm32cube.ide.mcu.externaltools.gnu-tools-for-stm32.12.3.rel1.win32_1.1.0.202410251130\tools\bin/../lib/gcc/arm-none-eabi/12.3.1/../../../../arm-none-eabi/include/c++/12.3.1/tuple:424:7:static constexpr _Head& std::_Tuple_impl<_Idx, _Head>::_M_head(std::_Tuple_impl<_Idx, _Head>&) [with unsigned int _Idx = 1; _Head = std::default_delete<CanCom::CanData>]	16	static
C:\ST\STM32CubeIDE_1.17.0\STM32CubeIDE\plugins\com.st.stm32cube.ide.mcu.externaltools.gnu-tools-for-stm32.12.3.rel1.win32_1.1.0.202410251130\tools\bin/../lib/gcc/arm-none-eabi/12.3.1/../../../../arm-none-eabi/include/c++/12.3.1/tuple:124:7:static constexpr _Head& std::_Head_base<_Idx, _Head, true>::_M_head(std::_Head_base<_Idx, _Head, true>&) [with unsigned int _Idx = 1; _Head = std::default_delete<Ang::AngData>]	16	static
C:\ST\STM32CubeIDE_1.17.0\STM32CubeIDE\plugins\com.st.stm32cube.ide.mcu.externaltools.gnu-tools-for-stm32.12.3.rel1.win32_1.1.0.202410251130\tools\bin/../lib/gcc/arm-none-eabi/12.3.1/../../../../arm-none-eabi/include/c++/12.3.1/tuple:124:7:static constexpr _Head& std::_Head_base<_Idx, _Head, true>::_M_head(std::_Head_base<_Idx, _Head, true>&) [with unsigned int _Idx = 1; _Head = std::default_delete<CanCom::CanData>]	16	static
../Core/Src/main.cpp:683:1:cpp)	8	static
../Core/Src/main.cpp:683:1:cpp)	8	static
