../Drivers/STM32G4xx_HAL_Driver/Inc/stm32g4xx_ll_cordic.h:300:22:void LL_CORDIC_Config(CORDIC_TypeDef*, uint32_t, uint32_t, uint32_t, uint32_t, uint32_t, uint32_t, uint32_t)	24	static
../Drivers/STM32G4xx_HAL_Driver/Inc/stm32g4xx_ll_cordic.h:730:22:void LL_CORDIC_WriteData(CORDIC_TypeDef*, uint32_t)	16	static
../Drivers/STM32G4xx_HAL_Driver/Inc/stm32g4xx_ll_cordic.h:741:26:uint32_t LL_CORDIC_ReadData(const CORDIC_TypeDef*)	16	static
../Core/Inc/user_math.h:32:3:Acrocantho::Cordic::Cordic()	40	static
../Core/Inc/user_math.h:45:10:Acrocantho::SinCos Acrocantho::Cordic::operator()(int32_t) const	40	static
../Core/Inc/user_math.h:53:10:Acrocantho::SinCos Acrocantho::Cordic::radians(float) const	48	static
../Core/Inc/user_math.h:57:16:static float Acrocantho::Cordic::from_q31(uint32_t)	16	static
../Core/Src/main.cpp:83:5:int main()	32	static
../Core/Src/main.cpp:141:6:void SystemClock_Config()	88	static
../Core/Src/main.cpp:188:13:void MX_ADC1_Init()	80	static
../Core/Src/main.cpp:263:13:void MX_ADC2_Init()	72	static
../Core/Src/main.cpp:343:13:void MX_CORDIC_Init()	8	static
../Core/Src/main.cpp:369:13:void MX_FDCAN1_Init()	8	static
../Core/Src/main.cpp:412:13:void MX_I2C1_Init()	8	static
../Core/Src/main.cpp:460:13:void MX_TIM1_Init()	104	static
../Core/Src/main.cpp:539:13:void MX_DMA_Init()	16	static
../Core/Src/main.cpp:561:13:void MX_GPIO_Init()	48	static
../Core/Src/main.cpp:613:6:void Error_Handler()	4	static,ignoring_inline_asm
