../Core/Src/main.c:83:5:main	8	static
../Core/Src/main.c:134:6:SystemClock_Config	88	static
../Core/Src/main.c:181:13:MX_ADC1_Init	80	static
../Core/Src/main.c:256:13:MX_ADC2_Init	72	static
../Core/Src/main.c:336:13:MX_CORDIC_Init	8	static
../Core/Src/main.c:362:13:MX_FDCAN1_Init	8	static
../Core/Src/main.c:405:13:MX_I2C1_Init	8	static
../Core/Src/main.c:453:13:MX_TIM1_Init	104	static
../Core/Src/main.c:532:13:MX_DMA_Init	16	static
../Core/Src/main.c:554:13:MX_GPIO_Init	48	static
../Core/Src/main.c:606:6:Error_Handler	4	static,ignoring_inline_asm
